Archive member included to satisfy reference by file (symbol)

d:/applications/stm32cubeide_1.11.2/stm32cubeide/plugins/com.st.stm32cube.ide.mcu.externaltools.gnu-tools-for-stm32.10.3-2021.10.win32_1.0.100.202210260954/tools/bin/../lib/gcc/arm-none-eabi/10.3.1/../../../../arm-none-eabi/lib/thumb/v7e-m+fp/hard\libc_nano.a(lib_a-errno.o)
                              ./Src/syscalls.o (__errno)
d:/applications/stm32cubeide_1.11.2/stm32cubeide/plugins/com.st.stm32cube.ide.mcu.externaltools.gnu-tools-for-stm32.10.3-2021.10.win32_1.0.100.202210260954/tools/bin/../lib/gcc/arm-none-eabi/10.3.1/../../../../arm-none-eabi/lib/thumb/v7e-m+fp/hard\libc_nano.a(lib_a-exit.o)
                              d:/applications/stm32cubeide_1.11.2/stm32cubeide/plugins/com.st.stm32cube.ide.mcu.externaltools.gnu-tools-for-stm32.10.3-2021.10.win32_1.0.100.202210260954/tools/bin/../lib/gcc/arm-none-eabi/10.3.1/../../../../arm-none-eabi/lib/thumb/v7e-m+fp/hard/crt0.o (exit)
d:/applications/stm32cubeide_1.11.2/stm32cubeide/plugins/com.st.stm32cube.ide.mcu.externaltools.gnu-tools-for-stm32.10.3-2021.10.win32_1.0.100.202210260954/tools/bin/../lib/gcc/arm-none-eabi/10.3.1/../../../../arm-none-eabi/lib/thumb/v7e-m+fp/hard\libc_nano.a(lib_a-impure.o)
                              d:/applications/stm32cubeide_1.11.2/stm32cubeide/plugins/com.st.stm32cube.ide.mcu.externaltools.gnu-tools-for-stm32.10.3-2021.10.win32_1.0.100.202210260954/tools/bin/../lib/gcc/arm-none-eabi/10.3.1/../../../../arm-none-eabi/lib/thumb/v7e-m+fp/hard\libc_nano.a(lib_a-exit.o) (_global_impure_ptr)
d:/applications/stm32cubeide_1.11.2/stm32cubeide/plugins/com.st.stm32cube.ide.mcu.externaltools.gnu-tools-for-stm32.10.3-2021.10.win32_1.0.100.202210260954/tools/bin/../lib/gcc/arm-none-eabi/10.3.1/../../../../arm-none-eabi/lib/thumb/v7e-m+fp/hard\libc_nano.a(lib_a-init.o)
                              d:/applications/stm32cubeide_1.11.2/stm32cubeide/plugins/com.st.stm32cube.ide.mcu.externaltools.gnu-tools-for-stm32.10.3-2021.10.win32_1.0.100.202210260954/tools/bin/../lib/gcc/arm-none-eabi/10.3.1/../../../../arm-none-eabi/lib/thumb/v7e-m+fp/hard/crt0.o (__libc_init_array)
d:/applications/stm32cubeide_1.11.2/stm32cubeide/plugins/com.st.stm32cube.ide.mcu.externaltools.gnu-tools-for-stm32.10.3-2021.10.win32_1.0.100.202210260954/tools/bin/../lib/gcc/arm-none-eabi/10.3.1/../../../../arm-none-eabi/lib/thumb/v7e-m+fp/hard\libc_nano.a(lib_a-memset.o)
                              d:/applications/stm32cubeide_1.11.2/stm32cubeide/plugins/com.st.stm32cube.ide.mcu.externaltools.gnu-tools-for-stm32.10.3-2021.10.win32_1.0.100.202210260954/tools/bin/../lib/gcc/arm-none-eabi/10.3.1/../../../../arm-none-eabi/lib/thumb/v7e-m+fp/hard/crt0.o (memset)

Discarded input sections

 .text          0x0000000000000000        0x0 d:/applications/stm32cubeide_1.11.2/stm32cubeide/plugins/com.st.stm32cube.ide.mcu.externaltools.gnu-tools-for-stm32.10.3-2021.10.win32_1.0.100.202210260954/tools/bin/../lib/gcc/arm-none-eabi/10.3.1/thumb/v7e-m+fp/hard/crti.o
 .data          0x0000000000000000        0x0 d:/applications/stm32cubeide_1.11.2/stm32cubeide/plugins/com.st.stm32cube.ide.mcu.externaltools.gnu-tools-for-stm32.10.3-2021.10.win32_1.0.100.202210260954/tools/bin/../lib/gcc/arm-none-eabi/10.3.1/thumb/v7e-m+fp/hard/crti.o
 .bss           0x0000000000000000        0x0 d:/applications/stm32cubeide_1.11.2/stm32cubeide/plugins/com.st.stm32cube.ide.mcu.externaltools.gnu-tools-for-stm32.10.3-2021.10.win32_1.0.100.202210260954/tools/bin/../lib/gcc/arm-none-eabi/10.3.1/thumb/v7e-m+fp/hard/crti.o
 .data          0x0000000000000000        0x4 d:/applications/stm32cubeide_1.11.2/stm32cubeide/plugins/com.st.stm32cube.ide.mcu.externaltools.gnu-tools-for-stm32.10.3-2021.10.win32_1.0.100.202210260954/tools/bin/../lib/gcc/arm-none-eabi/10.3.1/thumb/v7e-m+fp/hard/crtbegin.o
 .rodata        0x0000000000000000       0x24 d:/applications/stm32cubeide_1.11.2/stm32cubeide/plugins/com.st.stm32cube.ide.mcu.externaltools.gnu-tools-for-stm32.10.3-2021.10.win32_1.0.100.202210260954/tools/bin/../lib/gcc/arm-none-eabi/10.3.1/thumb/v7e-m+fp/hard/crtbegin.o
 .text          0x0000000000000000       0x7c d:/applications/stm32cubeide_1.11.2/stm32cubeide/plugins/com.st.stm32cube.ide.mcu.externaltools.gnu-tools-for-stm32.10.3-2021.10.win32_1.0.100.202210260954/tools/bin/../lib/gcc/arm-none-eabi/10.3.1/../../../../arm-none-eabi/lib/thumb/v7e-m+fp/hard/crt0.o
 .data          0x0000000000000000        0x0 d:/applications/stm32cubeide_1.11.2/stm32cubeide/plugins/com.st.stm32cube.ide.mcu.externaltools.gnu-tools-for-stm32.10.3-2021.10.win32_1.0.100.202210260954/tools/bin/../lib/gcc/arm-none-eabi/10.3.1/../../../../arm-none-eabi/lib/thumb/v7e-m+fp/hard/crt0.o
 .bss           0x0000000000000000        0x0 d:/applications/stm32cubeide_1.11.2/stm32cubeide/plugins/com.st.stm32cube.ide.mcu.externaltools.gnu-tools-for-stm32.10.3-2021.10.win32_1.0.100.202210260954/tools/bin/../lib/gcc/arm-none-eabi/10.3.1/../../../../arm-none-eabi/lib/thumb/v7e-m+fp/hard/crt0.o
 .ARM.extab     0x0000000000000000        0x0 d:/applications/stm32cubeide_1.11.2/stm32cubeide/plugins/com.st.stm32cube.ide.mcu.externaltools.gnu-tools-for-stm32.10.3-2021.10.win32_1.0.100.202210260954/tools/bin/../lib/gcc/arm-none-eabi/10.3.1/../../../../arm-none-eabi/lib/thumb/v7e-m+fp/hard/crt0.o
 .ARM.exidx     0x0000000000000000       0x10 d:/applications/stm32cubeide_1.11.2/stm32cubeide/plugins/com.st.stm32cube.ide.mcu.externaltools.gnu-tools-for-stm32.10.3-2021.10.win32_1.0.100.202210260954/tools/bin/../lib/gcc/arm-none-eabi/10.3.1/../../../../arm-none-eabi/lib/thumb/v7e-m+fp/hard/crt0.o
 .ARM.attributes
                0x0000000000000000       0x1c d:/applications/stm32cubeide_1.11.2/stm32cubeide/plugins/com.st.stm32cube.ide.mcu.externaltools.gnu-tools-for-stm32.10.3-2021.10.win32_1.0.100.202210260954/tools/bin/../lib/gcc/arm-none-eabi/10.3.1/../../../../arm-none-eabi/lib/thumb/v7e-m+fp/hard/crt0.o
 .group         0x0000000000000000        0xc ./Driver/Src/core_systick_delay.o
 .group         0x0000000000000000        0xc ./Driver/Src/core_systick_delay.o
 .group         0x0000000000000000        0xc ./Driver/Src/core_systick_delay.o
 .group         0x0000000000000000        0xc ./Driver/Src/core_systick_delay.o
 .group         0x0000000000000000        0xc ./Driver/Src/core_systick_delay.o
 .group         0x0000000000000000        0xc ./Driver/Src/core_systick_delay.o
 .group         0x0000000000000000        0xc ./Driver/Src/core_systick_delay.o
 .group         0x0000000000000000        0xc ./Driver/Src/core_systick_delay.o
 .text          0x0000000000000000        0x0 ./Driver/Src/core_systick_delay.o
 .data          0x0000000000000000        0x0 ./Driver/Src/core_systick_delay.o
 .bss           0x0000000000000000        0x0 ./Driver/Src/core_systick_delay.o
 .group         0x0000000000000000        0xc ./Driver/Src/stm32_clock.o
 .group         0x0000000000000000        0xc ./Driver/Src/stm32_clock.o
 .group         0x0000000000000000        0xc ./Driver/Src/stm32_clock.o
 .group         0x0000000000000000        0xc ./Driver/Src/stm32_clock.o
 .group         0x0000000000000000        0xc ./Driver/Src/stm32_clock.o
 .group         0x0000000000000000        0xc ./Driver/Src/stm32_clock.o
 .group         0x0000000000000000        0xc ./Driver/Src/stm32_clock.o
 .group         0x0000000000000000        0xc ./Driver/Src/stm32_clock.o
 .text          0x0000000000000000        0x0 ./Driver/Src/stm32_clock.o
 .data          0x0000000000000000        0x0 ./Driver/Src/stm32_clock.o
 .bss           0x0000000000000000        0x0 ./Driver/Src/stm32_clock.o
 .debug_macro   0x0000000000000000      0xa7e ./Driver/Src/stm32_clock.o
 .debug_macro   0x0000000000000000       0x22 ./Driver/Src/stm32_clock.o
 .debug_macro   0x0000000000000000       0x8e ./Driver/Src/stm32_clock.o
 .debug_macro   0x0000000000000000       0x51 ./Driver/Src/stm32_clock.o
 .debug_macro   0x0000000000000000      0x103 ./Driver/Src/stm32_clock.o
 .debug_macro   0x0000000000000000       0x6a ./Driver/Src/stm32_clock.o
 .debug_macro   0x0000000000000000      0x1df ./Driver/Src/stm32_clock.o
 .group         0x0000000000000000        0xc ./Driver/Src/stm32_delay_timer.o
 .group         0x0000000000000000        0xc ./Driver/Src/stm32_delay_timer.o
 .group         0x0000000000000000        0xc ./Driver/Src/stm32_delay_timer.o
 .group         0x0000000000000000        0xc ./Driver/Src/stm32_delay_timer.o
 .group         0x0000000000000000        0xc ./Driver/Src/stm32_delay_timer.o
 .group         0x0000000000000000        0xc ./Driver/Src/stm32_delay_timer.o
 .group         0x0000000000000000        0xc ./Driver/Src/stm32_delay_timer.o
 .group         0x0000000000000000        0xc ./Driver/Src/stm32_delay_timer.o
 .text          0x0000000000000000        0x0 ./Driver/Src/stm32_delay_timer.o
 .data          0x0000000000000000        0x0 ./Driver/Src/stm32_delay_timer.o
 .bss           0x0000000000000000        0x0 ./Driver/Src/stm32_delay_timer.o
 .text.initTIM2
                0x0000000000000000       0x60 ./Driver/Src/stm32_delay_timer.o
 .text.delay_ms
                0x0000000000000000       0x54 ./Driver/Src/stm32_delay_timer.o
 .debug_info    0x0000000000000000      0x38b ./Driver/Src/stm32_delay_timer.o
 .debug_abbrev  0x0000000000000000       0xcb ./Driver/Src/stm32_delay_timer.o
 .debug_aranges
                0x0000000000000000       0x28 ./Driver/Src/stm32_delay_timer.o
 .debug_ranges  0x0000000000000000       0x18 ./Driver/Src/stm32_delay_timer.o
 .debug_macro   0x0000000000000000       0x7c ./Driver/Src/stm32_delay_timer.o
 .debug_macro   0x0000000000000000      0xa7e ./Driver/Src/stm32_delay_timer.o
 .debug_macro   0x0000000000000000       0x22 ./Driver/Src/stm32_delay_timer.o
 .debug_macro   0x0000000000000000       0x8e ./Driver/Src/stm32_delay_timer.o
 .debug_macro   0x0000000000000000       0x51 ./Driver/Src/stm32_delay_timer.o
 .debug_macro   0x0000000000000000      0x103 ./Driver/Src/stm32_delay_timer.o
 .debug_macro   0x0000000000000000       0x6a ./Driver/Src/stm32_delay_timer.o
 .debug_macro   0x0000000000000000      0x1df ./Driver/Src/stm32_delay_timer.o
 .debug_macro   0x0000000000000000      0x1cb ./Driver/Src/stm32_delay_timer.o
 .debug_line    0x0000000000000000      0x45b ./Driver/Src/stm32_delay_timer.o
 .debug_str     0x0000000000000000     0x4883 ./Driver/Src/stm32_delay_timer.o
 .comment       0x0000000000000000       0x51 ./Driver/Src/stm32_delay_timer.o
 .debug_frame   0x0000000000000000       0x54 ./Driver/Src/stm32_delay_timer.o
 .ARM.attributes
                0x0000000000000000       0x34 ./Driver/Src/stm32_delay_timer.o
 .group         0x0000000000000000        0xc ./Driver/Src/stm32_gpio_driver.o
 .group         0x0000000000000000        0xc ./Driver/Src/stm32_gpio_driver.o
 .group         0x0000000000000000        0xc ./Driver/Src/stm32_gpio_driver.o
 .group         0x0000000000000000        0xc ./Driver/Src/stm32_gpio_driver.o
 .group         0x0000000000000000        0xc ./Driver/Src/stm32_gpio_driver.o
 .group         0x0000000000000000        0xc ./Driver/Src/stm32_gpio_driver.o
 .group         0x0000000000000000        0xc ./Driver/Src/stm32_gpio_driver.o
 .group         0x0000000000000000        0xc ./Driver/Src/stm32_gpio_driver.o
 .group         0x0000000000000000        0xc ./Driver/Src/stm32_gpio_driver.o
 .text          0x0000000000000000        0x0 ./Driver/Src/stm32_gpio_driver.o
 .data          0x0000000000000000        0x0 ./Driver/Src/stm32_gpio_driver.o
 .bss           0x0000000000000000        0x0 ./Driver/Src/stm32_gpio_driver.o
 .text.GPIO_DeInit
                0x0000000000000000       0xfc ./Driver/Src/stm32_gpio_driver.o
 .text.GPIO_ReadFromInputPin
                0x0000000000000000       0x2c ./Driver/Src/stm32_gpio_driver.o
 .text.GPIO_ReadFromInputPort
                0x0000000000000000       0x1c ./Driver/Src/stm32_gpio_driver.o
 .text.GPIO_WritetoOutPin
                0x0000000000000000       0x4a ./Driver/Src/stm32_gpio_driver.o
 .text.GPIO_WritetoOutPort
                0x0000000000000000       0x1e ./Driver/Src/stm32_gpio_driver.o
 .text.GPIO_IRQConfig
                0x0000000000000000        0xe ./Driver/Src/stm32_gpio_driver.o
 .text.GPIO_IRQHandling
                0x0000000000000000        0xe ./Driver/Src/stm32_gpio_driver.o
 .debug_macro   0x0000000000000000      0xa7e ./Driver/Src/stm32_gpio_driver.o
 .debug_macro   0x0000000000000000       0x22 ./Driver/Src/stm32_gpio_driver.o
 .debug_macro   0x0000000000000000       0x8e ./Driver/Src/stm32_gpio_driver.o
 .debug_macro   0x0000000000000000       0x51 ./Driver/Src/stm32_gpio_driver.o
 .debug_macro   0x0000000000000000      0x103 ./Driver/Src/stm32_gpio_driver.o
 .debug_macro   0x0000000000000000       0x6a ./Driver/Src/stm32_gpio_driver.o
 .debug_macro   0x0000000000000000      0x1df ./Driver/Src/stm32_gpio_driver.o
 .debug_macro   0x0000000000000000      0x1cb ./Driver/Src/stm32_gpio_driver.o
 .group         0x0000000000000000        0xc ./Driver/Src/stm32_usart.o
 .group         0x0000000000000000        0xc ./Driver/Src/stm32_usart.o
 .group         0x0000000000000000        0xc ./Driver/Src/stm32_usart.o
 .group         0x0000000000000000        0xc ./Driver/Src/stm32_usart.o
 .group         0x0000000000000000        0xc ./Driver/Src/stm32_usart.o
 .group         0x0000000000000000        0xc ./Driver/Src/stm32_usart.o
 .group         0x0000000000000000        0xc ./Driver/Src/stm32_usart.o
 .group         0x0000000000000000        0xc ./Driver/Src/stm32_usart.o
 .group         0x0000000000000000        0xc ./Driver/Src/stm32_usart.o
 .group         0x0000000000000000        0xc ./Driver/Src/stm32_usart.o
 .text          0x0000000000000000        0x0 ./Driver/Src/stm32_usart.o
 .data          0x0000000000000000        0x0 ./Driver/Src/stm32_usart.o
 .bss           0x0000000000000000        0x0 ./Driver/Src/stm32_usart.o
 .text.GPIO_USART2_Init
                0x0000000000000000       0x64 ./Driver/Src/stm32_usart.o
 .text.USART2_Init
                0x0000000000000000       0x60 ./Driver/Src/stm32_usart.o
 .text.USART2_Transmit_1byte
                0x0000000000000000       0x44 ./Driver/Src/stm32_usart.o
 .text.USART2_Transmit_string
                0x0000000000000000       0x38 ./Driver/Src/stm32_usart.o
 .text.USART2_Received_string
                0x0000000000000000       0x38 ./Driver/Src/stm32_usart.o
 .text.USART2_IT_Received_Init
                0x0000000000000000       0x40 ./Driver/Src/stm32_usart.o
 .debug_macro   0x0000000000000000      0xa7e ./Driver/Src/stm32_usart.o
 .debug_macro   0x0000000000000000       0x22 ./Driver/Src/stm32_usart.o
 .debug_macro   0x0000000000000000       0x8e ./Driver/Src/stm32_usart.o
 .debug_macro   0x0000000000000000       0x51 ./Driver/Src/stm32_usart.o
 .debug_macro   0x0000000000000000      0x103 ./Driver/Src/stm32_usart.o
 .debug_macro   0x0000000000000000       0x6a ./Driver/Src/stm32_usart.o
 .debug_macro   0x0000000000000000      0x1df ./Driver/Src/stm32_usart.o
 .debug_macro   0x0000000000000000      0x1cb ./Driver/Src/stm32_usart.o
 .group         0x0000000000000000        0xc ./Src/main.o
 .group         0x0000000000000000        0xc ./Src/main.o
 .group         0x0000000000000000        0xc ./Src/main.o
 .group         0x0000000000000000        0xc ./Src/main.o
 .group         0x0000000000000000        0xc ./Src/main.o
 .group         0x0000000000000000        0xc ./Src/main.o
 .group         0x0000000000000000        0xc ./Src/main.o
 .group         0x0000000000000000        0xc ./Src/main.o
 .group         0x0000000000000000        0xc ./Src/main.o
 .group         0x0000000000000000        0xc ./Src/main.o
 .group         0x0000000000000000        0xc ./Src/main.o
 .group         0x0000000000000000        0xc ./Src/main.o
 .group         0x0000000000000000        0xc ./Src/main.o
 .group         0x0000000000000000        0xc ./Src/main.o
 .group         0x0000000000000000        0xc ./Src/main.o
 .group         0x0000000000000000        0xc ./Src/main.o
 .group         0x0000000000000000        0xc ./Src/main.o
 .group         0x0000000000000000        0xc ./Src/main.o
 .group         0x0000000000000000        0xc ./Src/main.o
 .group         0x0000000000000000        0xc ./Src/main.o
 .group         0x0000000000000000        0xc ./Src/main.o
 .group         0x0000000000000000        0xc ./Src/main.o
 .group         0x0000000000000000        0xc ./Src/main.o
 .group         0x0000000000000000        0xc ./Src/main.o
 .group         0x0000000000000000        0xc ./Src/main.o
 .group         0x0000000000000000        0xc ./Src/main.o
 .group         0x0000000000000000        0xc ./Src/main.o
 .text          0x0000000000000000        0x0 ./Src/main.o
 .data          0x0000000000000000        0x0 ./Src/main.o
 .bss           0x0000000000000000        0x0 ./Src/main.o
 .data.arr      0x0000000000000000       0x17 ./Src/main.o
 .bss.buffer    0x0000000000000000        0x8 ./Src/main.o
 .text.delay    0x0000000000000000       0x22 ./Src/main.o
 .text.initEXT0
                0x0000000000000000       0x68 ./Src/main.o
 .debug_macro   0x0000000000000000      0xa7e ./Src/main.o
 .debug_macro   0x0000000000000000       0x22 ./Src/main.o
 .debug_macro   0x0000000000000000       0x8e ./Src/main.o
 .debug_macro   0x0000000000000000       0x51 ./Src/main.o
 .debug_macro   0x0000000000000000      0x103 ./Src/main.o
 .debug_macro   0x0000000000000000       0x6a ./Src/main.o
 .debug_macro   0x0000000000000000      0x1df ./Src/main.o
 .debug_macro   0x0000000000000000      0x1cb ./Src/main.o
 .debug_macro   0x0000000000000000       0x2e ./Src/main.o
 .debug_macro   0x0000000000000000      0x124 ./Src/main.o
 .group         0x0000000000000000        0xc ./Src/syscalls.o
 .group         0x0000000000000000        0xc ./Src/syscalls.o
 .group         0x0000000000000000        0xc ./Src/syscalls.o
 .group         0x0000000000000000        0xc ./Src/syscalls.o
 .group         0x0000000000000000        0xc ./Src/syscalls.o
 .group         0x0000000000000000        0xc ./Src/syscalls.o
 .group         0x0000000000000000        0xc ./Src/syscalls.o
 .group         0x0000000000000000        0xc ./Src/syscalls.o
 .group         0x0000000000000000        0xc ./Src/syscalls.o
 .group         0x0000000000000000        0xc ./Src/syscalls.o
 .group         0x0000000000000000        0xc ./Src/syscalls.o
 .group         0x0000000000000000        0xc ./Src/syscalls.o
 .group         0x0000000000000000        0xc ./Src/syscalls.o
 .group         0x0000000000000000        0xc ./Src/syscalls.o
 .group         0x0000000000000000        0xc ./Src/syscalls.o
 .group         0x0000000000000000        0xc ./Src/syscalls.o
 .group         0x0000000000000000        0xc ./Src/syscalls.o
 .group         0x0000000000000000        0xc ./Src/syscalls.o
 .group         0x0000000000000000        0xc ./Src/syscalls.o
 .group         0x0000000000000000        0xc ./Src/syscalls.o
 .group         0x0000000000000000        0xc ./Src/syscalls.o
 .group         0x0000000000000000        0xc ./Src/syscalls.o
 .group         0x0000000000000000        0xc ./Src/syscalls.o
 .group         0x0000000000000000        0xc ./Src/syscalls.o
 .group         0x0000000000000000        0xc ./Src/syscalls.o
 .group         0x0000000000000000        0xc ./Src/syscalls.o
 .group         0x0000000000000000        0xc ./Src/syscalls.o
 .group         0x0000000000000000        0xc ./Src/syscalls.o
 .group         0x0000000000000000        0xc ./Src/syscalls.o
 .group         0x0000000000000000        0xc ./Src/syscalls.o
 .group         0x0000000000000000        0xc ./Src/syscalls.o
 .group         0x0000000000000000        0xc ./Src/syscalls.o
 .group         0x0000000000000000        0xc ./Src/syscalls.o
 .group         0x0000000000000000        0xc ./Src/syscalls.o
 .group         0x0000000000000000        0xc ./Src/syscalls.o
 .group         0x0000000000000000        0xc ./Src/syscalls.o
 .group         0x0000000000000000        0xc ./Src/syscalls.o
 .group         0x0000000000000000        0xc ./Src/syscalls.o
 .group         0x0000000000000000        0xc ./Src/syscalls.o
 .group         0x0000000000000000        0xc ./Src/syscalls.o
 .group         0x0000000000000000        0xc ./Src/syscalls.o
 .group         0x0000000000000000        0xc ./Src/syscalls.o
 .group         0x0000000000000000        0xc ./Src/syscalls.o
 .group         0x0000000000000000        0xc ./Src/syscalls.o
 .group         0x0000000000000000        0xc ./Src/syscalls.o
 .group         0x0000000000000000        0xc ./Src/syscalls.o
 .group         0x0000000000000000        0xc ./Src/syscalls.o
 .text          0x0000000000000000        0x0 ./Src/syscalls.o
 .data          0x0000000000000000        0x0 ./Src/syscalls.o
 .bss           0x0000000000000000        0x0 ./Src/syscalls.o
 .bss.__env     0x0000000000000000        0x4 ./Src/syscalls.o
 .data.environ  0x0000000000000000        0x4 ./Src/syscalls.o
 .text.initialise_monitor_handles
                0x0000000000000000        0xe ./Src/syscalls.o
 .text._getpid  0x0000000000000000       0x10 ./Src/syscalls.o
 .text._kill    0x0000000000000000       0x20 ./Src/syscalls.o
 .text._exit    0x0000000000000000       0x14 ./Src/syscalls.o
 .text._read    0x0000000000000000       0x3a ./Src/syscalls.o
 .text._write   0x0000000000000000       0x38 ./Src/syscalls.o
 .text._close   0x0000000000000000       0x18 ./Src/syscalls.o
 .text._fstat   0x0000000000000000       0x20 ./Src/syscalls.o
 .text._isatty  0x0000000000000000       0x16 ./Src/syscalls.o
 .text._lseek   0x0000000000000000       0x1a ./Src/syscalls.o
 .text._open    0x0000000000000000       0x1c ./Src/syscalls.o
 .text._wait    0x0000000000000000       0x1e ./Src/syscalls.o
 .text._unlink  0x0000000000000000       0x1e ./Src/syscalls.o
 .text._times   0x0000000000000000       0x18 ./Src/syscalls.o
 .text._stat    0x0000000000000000       0x20 ./Src/syscalls.o
 .text._link    0x0000000000000000       0x20 ./Src/syscalls.o
 .text._fork    0x0000000000000000       0x16 ./Src/syscalls.o
 .text._execve  0x0000000000000000       0x22 ./Src/syscalls.o
 .debug_info    0x0000000000000000      0x6e0 ./Src/syscalls.o
 .debug_abbrev  0x0000000000000000      0x1b3 ./Src/syscalls.o
 .debug_aranges
                0x0000000000000000       0xa8 ./Src/syscalls.o
 .debug_ranges  0x0000000000000000       0x98 ./Src/syscalls.o
 .debug_macro   0x0000000000000000      0x24c ./Src/syscalls.o
 .debug_macro   0x0000000000000000      0xa7e ./Src/syscalls.o
 .debug_macro   0x0000000000000000       0x22 ./Src/syscalls.o
 .debug_macro   0x0000000000000000       0x4c ./Src/syscalls.o
 .debug_macro   0x0000000000000000       0x1e ./Src/syscalls.o
 .debug_macro   0x0000000000000000       0x94 ./Src/syscalls.o
 .debug_macro   0x0000000000000000       0x3c ./Src/syscalls.o
 .debug_macro   0x0000000000000000       0x34 ./Src/syscalls.o
 .debug_macro   0x0000000000000000       0x57 ./Src/syscalls.o
 .debug_macro   0x0000000000000000      0x174 ./Src/syscalls.o
 .debug_macro   0x0000000000000000      0x341 ./Src/syscalls.o
 .debug_macro   0x0000000000000000       0x16 ./Src/syscalls.o
 .debug_macro   0x0000000000000000       0x43 ./Src/syscalls.o
 .debug_macro   0x0000000000000000       0x34 ./Src/syscalls.o
 .debug_macro   0x0000000000000000       0x10 ./Src/syscalls.o
 .debug_macro   0x0000000000000000       0x58 ./Src/syscalls.o
 .debug_macro   0x0000000000000000       0x71 ./Src/syscalls.o
 .debug_macro   0x0000000000000000       0x1c ./Src/syscalls.o
 .debug_macro   0x0000000000000000      0x12a ./Src/syscalls.o
 .debug_macro   0x0000000000000000       0x10 ./Src/syscalls.o
 .debug_macro   0x0000000000000000       0x35 ./Src/syscalls.o
 .debug_macro   0x0000000000000000       0x10 ./Src/syscalls.o
 .debug_macro   0x0000000000000000       0x10 ./Src/syscalls.o
 .debug_macro   0x0000000000000000       0x10 ./Src/syscalls.o
 .debug_macro   0x0000000000000000       0x6a ./Src/syscalls.o
 .debug_macro   0x0000000000000000       0x1c ./Src/syscalls.o
 .debug_macro   0x0000000000000000       0x52 ./Src/syscalls.o
 .debug_macro   0x0000000000000000       0x22 ./Src/syscalls.o
 .debug_macro   0x0000000000000000       0x10 ./Src/syscalls.o
 .debug_macro   0x0000000000000000       0x52 ./Src/syscalls.o
 .debug_macro   0x0000000000000000       0xd5 ./Src/syscalls.o
 .debug_macro   0x0000000000000000       0x1c ./Src/syscalls.o
 .debug_macro   0x0000000000000000       0x3d ./Src/syscalls.o
 .debug_macro   0x0000000000000000       0x35 ./Src/syscalls.o
 .debug_macro   0x0000000000000000      0x12c ./Src/syscalls.o
 .debug_macro   0x0000000000000000       0x16 ./Src/syscalls.o
 .debug_macro   0x0000000000000000       0x16 ./Src/syscalls.o
 .debug_macro   0x0000000000000000       0x29 ./Src/syscalls.o
 .debug_macro   0x0000000000000000       0x10 ./Src/syscalls.o
 .debug_macro   0x0000000000000000      0x241 ./Src/syscalls.o
 .debug_macro   0x0000000000000000       0x1c ./Src/syscalls.o
 .debug_macro   0x0000000000000000       0x10 ./Src/syscalls.o
 .debug_macro   0x0000000000000000       0x10 ./Src/syscalls.o
 .debug_macro   0x0000000000000000       0x16 ./Src/syscalls.o
 .debug_macro   0x0000000000000000      0x145 ./Src/syscalls.o
 .debug_macro   0x0000000000000000      0x189 ./Src/syscalls.o
 .debug_macro   0x0000000000000000       0x16 ./Src/syscalls.o
 .debug_macro   0x0000000000000000       0xce ./Src/syscalls.o
 .debug_line    0x0000000000000000      0x830 ./Src/syscalls.o
 .debug_str     0x0000000000000000     0x8a5e ./Src/syscalls.o
 .comment       0x0000000000000000       0x51 ./Src/syscalls.o
 .debug_frame   0x0000000000000000      0x2ac ./Src/syscalls.o
 .ARM.attributes
                0x0000000000000000       0x34 ./Src/syscalls.o
 .group         0x0000000000000000        0xc ./Src/sysmem.o
 .group         0x0000000000000000        0xc ./Src/sysmem.o
 .group         0x0000000000000000        0xc ./Src/sysmem.o
 .group         0x0000000000000000        0xc ./Src/sysmem.o
 .group         0x0000000000000000        0xc ./Src/sysmem.o
 .group         0x0000000000000000        0xc ./Src/sysmem.o
 .group         0x0000000000000000        0xc ./Src/sysmem.o
 .group         0x0000000000000000        0xc ./Src/sysmem.o
 .group         0x0000000000000000        0xc ./Src/sysmem.o
 .group         0x0000000000000000        0xc ./Src/sysmem.o
 .group         0x0000000000000000        0xc ./Src/sysmem.o
 .group         0x0000000000000000        0xc ./Src/sysmem.o
 .group         0x0000000000000000        0xc ./Src/sysmem.o
 .group         0x0000000000000000        0xc ./Src/sysmem.o
 .group         0x0000000000000000        0xc ./Src/sysmem.o
 .group         0x0000000000000000        0xc ./Src/sysmem.o
 .group         0x0000000000000000        0xc ./Src/sysmem.o
 .group         0x0000000000000000        0xc ./Src/sysmem.o
 .group         0x0000000000000000        0xc ./Src/sysmem.o
 .group         0x0000000000000000        0xc ./Src/sysmem.o
 .group         0x0000000000000000        0xc ./Src/sysmem.o
 .group         0x0000000000000000        0xc ./Src/sysmem.o
 .text          0x0000000000000000        0x0 ./Src/sysmem.o
 .data          0x0000000000000000        0x0 ./Src/sysmem.o
 .bss           0x0000000000000000        0x0 ./Src/sysmem.o
 .bss.__sbrk_heap_end
                0x0000000000000000        0x4 ./Src/sysmem.o
 .text._sbrk    0x0000000000000000       0x6c ./Src/sysmem.o
 .debug_info    0x0000000000000000      0x171 ./Src/sysmem.o
 .debug_abbrev  0x0000000000000000       0xbb ./Src/sysmem.o
 .debug_aranges
                0x0000000000000000       0x20 ./Src/sysmem.o
 .debug_ranges  0x0000000000000000       0x10 ./Src/sysmem.o
 .debug_macro   0x0000000000000000       0xff ./Src/sysmem.o
 .debug_macro   0x0000000000000000      0xa7e ./Src/sysmem.o
 .debug_macro   0x0000000000000000       0x10 ./Src/sysmem.o
 .debug_macro   0x0000000000000000       0x22 ./Src/sysmem.o
 .debug_macro   0x0000000000000000       0x4c ./Src/sysmem.o
 .debug_macro   0x0000000000000000       0x1e ./Src/sysmem.o
 .debug_macro   0x0000000000000000       0x94 ./Src/sysmem.o
 .debug_macro   0x0000000000000000       0x3c ./Src/sysmem.o
 .debug_macro   0x0000000000000000       0x34 ./Src/sysmem.o
 .debug_macro   0x0000000000000000      0x174 ./Src/sysmem.o
 .debug_macro   0x0000000000000000       0x16 ./Src/sysmem.o
 .debug_macro   0x0000000000000000       0x43 ./Src/sysmem.o
 .debug_macro   0x0000000000000000       0x57 ./Src/sysmem.o
 .debug_macro   0x0000000000000000       0x34 ./Src/sysmem.o
 .debug_macro   0x0000000000000000       0x10 ./Src/sysmem.o
 .debug_macro   0x0000000000000000       0x58 ./Src/sysmem.o
 .debug_macro   0x0000000000000000       0x71 ./Src/sysmem.o
 .debug_macro   0x0000000000000000       0x1c ./Src/sysmem.o
 .debug_macro   0x0000000000000000      0x12a ./Src/sysmem.o
 .debug_macro   0x0000000000000000      0x23b ./Src/sysmem.o
 .debug_macro   0x0000000000000000      0x103 ./Src/sysmem.o
 .debug_macro   0x0000000000000000       0x6a ./Src/sysmem.o
 .debug_macro   0x0000000000000000      0x1df ./Src/sysmem.o
 .debug_line    0x0000000000000000      0x526 ./Src/sysmem.o
 .debug_str     0x0000000000000000     0x5d9a ./Src/sysmem.o
 .comment       0x0000000000000000       0x51 ./Src/sysmem.o
 .debug_frame   0x0000000000000000       0x34 ./Src/sysmem.o
 .ARM.attributes
                0x0000000000000000       0x34 ./Src/sysmem.o
 .text          0x0000000000000000       0x14 ./Startup/startup_stm32f411vetx.o
 .data          0x0000000000000000        0x0 ./Startup/startup_stm32f411vetx.o
 .bss           0x0000000000000000        0x0 ./Startup/startup_stm32f411vetx.o
 .text          0x0000000000000000        0x0 d:/applications/stm32cubeide_1.11.2/stm32cubeide/plugins/com.st.stm32cube.ide.mcu.externaltools.gnu-tools-for-stm32.10.3-2021.10.win32_1.0.100.202210260954/tools/bin/../lib/gcc/arm-none-eabi/10.3.1/../../../../arm-none-eabi/lib/thumb/v7e-m+fp/hard\libc_nano.a(lib_a-errno.o)
 .data          0x0000000000000000        0x0 d:/applications/stm32cubeide_1.11.2/stm32cubeide/plugins/com.st.stm32cube.ide.mcu.externaltools.gnu-tools-for-stm32.10.3-2021.10.win32_1.0.100.202210260954/tools/bin/../lib/gcc/arm-none-eabi/10.3.1/../../../../arm-none-eabi/lib/thumb/v7e-m+fp/hard\libc_nano.a(lib_a-errno.o)
 .bss           0x0000000000000000        0x0 d:/applications/stm32cubeide_1.11.2/stm32cubeide/plugins/com.st.stm32cube.ide.mcu.externaltools.gnu-tools-for-stm32.10.3-2021.10.win32_1.0.100.202210260954/tools/bin/../lib/gcc/arm-none-eabi/10.3.1/../../../../arm-none-eabi/lib/thumb/v7e-m+fp/hard\libc_nano.a(lib_a-errno.o)
 .text.__errno  0x0000000000000000        0xc d:/applications/stm32cubeide_1.11.2/stm32cubeide/plugins/com.st.stm32cube.ide.mcu.externaltools.gnu-tools-for-stm32.10.3-2021.10.win32_1.0.100.202210260954/tools/bin/../lib/gcc/arm-none-eabi/10.3.1/../../../../arm-none-eabi/lib/thumb/v7e-m+fp/hard\libc_nano.a(lib_a-errno.o)
 .debug_frame   0x0000000000000000       0x20 d:/applications/stm32cubeide_1.11.2/stm32cubeide/plugins/com.st.stm32cube.ide.mcu.externaltools.gnu-tools-for-stm32.10.3-2021.10.win32_1.0.100.202210260954/tools/bin/../lib/gcc/arm-none-eabi/10.3.1/../../../../arm-none-eabi/lib/thumb/v7e-m+fp/hard\libc_nano.a(lib_a-errno.o)
 .ARM.attributes
                0x0000000000000000       0x34 d:/applications/stm32cubeide_1.11.2/stm32cubeide/plugins/com.st.stm32cube.ide.mcu.externaltools.gnu-tools-for-stm32.10.3-2021.10.win32_1.0.100.202210260954/tools/bin/../lib/gcc/arm-none-eabi/10.3.1/../../../../arm-none-eabi/lib/thumb/v7e-m+fp/hard\libc_nano.a(lib_a-errno.o)
 .text          0x0000000000000000        0x0 d:/applications/stm32cubeide_1.11.2/stm32cubeide/plugins/com.st.stm32cube.ide.mcu.externaltools.gnu-tools-for-stm32.10.3-2021.10.win32_1.0.100.202210260954/tools/bin/../lib/gcc/arm-none-eabi/10.3.1/../../../../arm-none-eabi/lib/thumb/v7e-m+fp/hard\libc_nano.a(lib_a-exit.o)
 .data          0x0000000000000000        0x0 d:/applications/stm32cubeide_1.11.2/stm32cubeide/plugins/com.st.stm32cube.ide.mcu.externaltools.gnu-tools-for-stm32.10.3-2021.10.win32_1.0.100.202210260954/tools/bin/../lib/gcc/arm-none-eabi/10.3.1/../../../../arm-none-eabi/lib/thumb/v7e-m+fp/hard\libc_nano.a(lib_a-exit.o)
 .bss           0x0000000000000000        0x0 d:/applications/stm32cubeide_1.11.2/stm32cubeide/plugins/com.st.stm32cube.ide.mcu.externaltools.gnu-tools-for-stm32.10.3-2021.10.win32_1.0.100.202210260954/tools/bin/../lib/gcc/arm-none-eabi/10.3.1/../../../../arm-none-eabi/lib/thumb/v7e-m+fp/hard\libc_nano.a(lib_a-exit.o)
 .text.exit     0x0000000000000000       0x28 d:/applications/stm32cubeide_1.11.2/stm32cubeide/plugins/com.st.stm32cube.ide.mcu.externaltools.gnu-tools-for-stm32.10.3-2021.10.win32_1.0.100.202210260954/tools/bin/../lib/gcc/arm-none-eabi/10.3.1/../../../../arm-none-eabi/lib/thumb/v7e-m+fp/hard\libc_nano.a(lib_a-exit.o)
 .debug_frame   0x0000000000000000       0x28 d:/applications/stm32cubeide_1.11.2/stm32cubeide/plugins/com.st.stm32cube.ide.mcu.externaltools.gnu-tools-for-stm32.10.3-2021.10.win32_1.0.100.202210260954/tools/bin/../lib/gcc/arm-none-eabi/10.3.1/../../../../arm-none-eabi/lib/thumb/v7e-m+fp/hard\libc_nano.a(lib_a-exit.o)
 .ARM.attributes
                0x0000000000000000       0x34 d:/applications/stm32cubeide_1.11.2/stm32cubeide/plugins/com.st.stm32cube.ide.mcu.externaltools.gnu-tools-for-stm32.10.3-2021.10.win32_1.0.100.202210260954/tools/bin/../lib/gcc/arm-none-eabi/10.3.1/../../../../arm-none-eabi/lib/thumb/v7e-m+fp/hard\libc_nano.a(lib_a-exit.o)
 .text          0x0000000000000000        0x0 d:/applications/stm32cubeide_1.11.2/stm32cubeide/plugins/com.st.stm32cube.ide.mcu.externaltools.gnu-tools-for-stm32.10.3-2021.10.win32_1.0.100.202210260954/tools/bin/../lib/gcc/arm-none-eabi/10.3.1/../../../../arm-none-eabi/lib/thumb/v7e-m+fp/hard\libc_nano.a(lib_a-impure.o)
 .data          0x0000000000000000        0x0 d:/applications/stm32cubeide_1.11.2/stm32cubeide/plugins/com.st.stm32cube.ide.mcu.externaltools.gnu-tools-for-stm32.10.3-2021.10.win32_1.0.100.202210260954/tools/bin/../lib/gcc/arm-none-eabi/10.3.1/../../../../arm-none-eabi/lib/thumb/v7e-m+fp/hard\libc_nano.a(lib_a-impure.o)
 .bss           0x0000000000000000        0x0 d:/applications/stm32cubeide_1.11.2/stm32cubeide/plugins/com.st.stm32cube.ide.mcu.externaltools.gnu-tools-for-stm32.10.3-2021.10.win32_1.0.100.202210260954/tools/bin/../lib/gcc/arm-none-eabi/10.3.1/../../../../arm-none-eabi/lib/thumb/v7e-m+fp/hard\libc_nano.a(lib_a-impure.o)
 .data._impure_ptr
                0x0000000000000000        0x4 d:/applications/stm32cubeide_1.11.2/stm32cubeide/plugins/com.st.stm32cube.ide.mcu.externaltools.gnu-tools-for-stm32.10.3-2021.10.win32_1.0.100.202210260954/tools/bin/../lib/gcc/arm-none-eabi/10.3.1/../../../../arm-none-eabi/lib/thumb/v7e-m+fp/hard\libc_nano.a(lib_a-impure.o)
 .data.impure_data
                0x0000000000000000       0x60 d:/applications/stm32cubeide_1.11.2/stm32cubeide/plugins/com.st.stm32cube.ide.mcu.externaltools.gnu-tools-for-stm32.10.3-2021.10.win32_1.0.100.202210260954/tools/bin/../lib/gcc/arm-none-eabi/10.3.1/../../../../arm-none-eabi/lib/thumb/v7e-m+fp/hard\libc_nano.a(lib_a-impure.o)
 .rodata._global_impure_ptr
                0x0000000000000000        0x4 d:/applications/stm32cubeide_1.11.2/stm32cubeide/plugins/com.st.stm32cube.ide.mcu.externaltools.gnu-tools-for-stm32.10.3-2021.10.win32_1.0.100.202210260954/tools/bin/../lib/gcc/arm-none-eabi/10.3.1/../../../../arm-none-eabi/lib/thumb/v7e-m+fp/hard\libc_nano.a(lib_a-impure.o)
 .ARM.attributes
                0x0000000000000000       0x34 d:/applications/stm32cubeide_1.11.2/stm32cubeide/plugins/com.st.stm32cube.ide.mcu.externaltools.gnu-tools-for-stm32.10.3-2021.10.win32_1.0.100.202210260954/tools/bin/../lib/gcc/arm-none-eabi/10.3.1/../../../../arm-none-eabi/lib/thumb/v7e-m+fp/hard\libc_nano.a(lib_a-impure.o)
 .text          0x0000000000000000        0x0 d:/applications/stm32cubeide_1.11.2/stm32cubeide/plugins/com.st.stm32cube.ide.mcu.externaltools.gnu-tools-for-stm32.10.3-2021.10.win32_1.0.100.202210260954/tools/bin/../lib/gcc/arm-none-eabi/10.3.1/../../../../arm-none-eabi/lib/thumb/v7e-m+fp/hard\libc_nano.a(lib_a-init.o)
 .data          0x0000000000000000        0x0 d:/applications/stm32cubeide_1.11.2/stm32cubeide/plugins/com.st.stm32cube.ide.mcu.externaltools.gnu-tools-for-stm32.10.3-2021.10.win32_1.0.100.202210260954/tools/bin/../lib/gcc/arm-none-eabi/10.3.1/../../../../arm-none-eabi/lib/thumb/v7e-m+fp/hard\libc_nano.a(lib_a-init.o)
 .bss           0x0000000000000000        0x0 d:/applications/stm32cubeide_1.11.2/stm32cubeide/plugins/com.st.stm32cube.ide.mcu.externaltools.gnu-tools-for-stm32.10.3-2021.10.win32_1.0.100.202210260954/tools/bin/../lib/gcc/arm-none-eabi/10.3.1/../../../../arm-none-eabi/lib/thumb/v7e-m+fp/hard\libc_nano.a(lib_a-init.o)
 .text          0x0000000000000000        0x0 d:/applications/stm32cubeide_1.11.2/stm32cubeide/plugins/com.st.stm32cube.ide.mcu.externaltools.gnu-tools-for-stm32.10.3-2021.10.win32_1.0.100.202210260954/tools/bin/../lib/gcc/arm-none-eabi/10.3.1/../../../../arm-none-eabi/lib/thumb/v7e-m+fp/hard\libc_nano.a(lib_a-memset.o)
 .data          0x0000000000000000        0x0 d:/applications/stm32cubeide_1.11.2/stm32cubeide/plugins/com.st.stm32cube.ide.mcu.externaltools.gnu-tools-for-stm32.10.3-2021.10.win32_1.0.100.202210260954/tools/bin/../lib/gcc/arm-none-eabi/10.3.1/../../../../arm-none-eabi/lib/thumb/v7e-m+fp/hard\libc_nano.a(lib_a-memset.o)
 .bss           0x0000000000000000        0x0 d:/applications/stm32cubeide_1.11.2/stm32cubeide/plugins/com.st.stm32cube.ide.mcu.externaltools.gnu-tools-for-stm32.10.3-2021.10.win32_1.0.100.202210260954/tools/bin/../lib/gcc/arm-none-eabi/10.3.1/../../../../arm-none-eabi/lib/thumb/v7e-m+fp/hard\libc_nano.a(lib_a-memset.o)
 .text.memset   0x0000000000000000       0x10 d:/applications/stm32cubeide_1.11.2/stm32cubeide/plugins/com.st.stm32cube.ide.mcu.externaltools.gnu-tools-for-stm32.10.3-2021.10.win32_1.0.100.202210260954/tools/bin/../lib/gcc/arm-none-eabi/10.3.1/../../../../arm-none-eabi/lib/thumb/v7e-m+fp/hard\libc_nano.a(lib_a-memset.o)
 .debug_frame   0x0000000000000000       0x20 d:/applications/stm32cubeide_1.11.2/stm32cubeide/plugins/com.st.stm32cube.ide.mcu.externaltools.gnu-tools-for-stm32.10.3-2021.10.win32_1.0.100.202210260954/tools/bin/../lib/gcc/arm-none-eabi/10.3.1/../../../../arm-none-eabi/lib/thumb/v7e-m+fp/hard\libc_nano.a(lib_a-memset.o)
 .ARM.attributes
                0x0000000000000000       0x34 d:/applications/stm32cubeide_1.11.2/stm32cubeide/plugins/com.st.stm32cube.ide.mcu.externaltools.gnu-tools-for-stm32.10.3-2021.10.win32_1.0.100.202210260954/tools/bin/../lib/gcc/arm-none-eabi/10.3.1/../../../../arm-none-eabi/lib/thumb/v7e-m+fp/hard\libc_nano.a(lib_a-memset.o)
 .text          0x0000000000000000        0x0 d:/applications/stm32cubeide_1.11.2/stm32cubeide/plugins/com.st.stm32cube.ide.mcu.externaltools.gnu-tools-for-stm32.10.3-2021.10.win32_1.0.100.202210260954/tools/bin/../lib/gcc/arm-none-eabi/10.3.1/thumb/v7e-m+fp/hard/crtend.o
 .data          0x0000000000000000        0x0 d:/applications/stm32cubeide_1.11.2/stm32cubeide/plugins/com.st.stm32cube.ide.mcu.externaltools.gnu-tools-for-stm32.10.3-2021.10.win32_1.0.100.202210260954/tools/bin/../lib/gcc/arm-none-eabi/10.3.1/thumb/v7e-m+fp/hard/crtend.o
 .bss           0x0000000000000000        0x0 d:/applications/stm32cubeide_1.11.2/stm32cubeide/plugins/com.st.stm32cube.ide.mcu.externaltools.gnu-tools-for-stm32.10.3-2021.10.win32_1.0.100.202210260954/tools/bin/../lib/gcc/arm-none-eabi/10.3.1/thumb/v7e-m+fp/hard/crtend.o
 .rodata        0x0000000000000000       0x24 d:/applications/stm32cubeide_1.11.2/stm32cubeide/plugins/com.st.stm32cube.ide.mcu.externaltools.gnu-tools-for-stm32.10.3-2021.10.win32_1.0.100.202210260954/tools/bin/../lib/gcc/arm-none-eabi/10.3.1/thumb/v7e-m+fp/hard/crtend.o
 .eh_frame      0x0000000000000000        0x4 d:/applications/stm32cubeide_1.11.2/stm32cubeide/plugins/com.st.stm32cube.ide.mcu.externaltools.gnu-tools-for-stm32.10.3-2021.10.win32_1.0.100.202210260954/tools/bin/../lib/gcc/arm-none-eabi/10.3.1/thumb/v7e-m+fp/hard/crtend.o
 .ARM.attributes
                0x0000000000000000       0x34 d:/applications/stm32cubeide_1.11.2/stm32cubeide/plugins/com.st.stm32cube.ide.mcu.externaltools.gnu-tools-for-stm32.10.3-2021.10.win32_1.0.100.202210260954/tools/bin/../lib/gcc/arm-none-eabi/10.3.1/thumb/v7e-m+fp/hard/crtend.o
 .text          0x0000000000000000        0x0 d:/applications/stm32cubeide_1.11.2/stm32cubeide/plugins/com.st.stm32cube.ide.mcu.externaltools.gnu-tools-for-stm32.10.3-2021.10.win32_1.0.100.202210260954/tools/bin/../lib/gcc/arm-none-eabi/10.3.1/thumb/v7e-m+fp/hard/crtn.o
 .data          0x0000000000000000        0x0 d:/applications/stm32cubeide_1.11.2/stm32cubeide/plugins/com.st.stm32cube.ide.mcu.externaltools.gnu-tools-for-stm32.10.3-2021.10.win32_1.0.100.202210260954/tools/bin/../lib/gcc/arm-none-eabi/10.3.1/thumb/v7e-m+fp/hard/crtn.o
 .bss           0x0000000000000000        0x0 d:/applications/stm32cubeide_1.11.2/stm32cubeide/plugins/com.st.stm32cube.ide.mcu.externaltools.gnu-tools-for-stm32.10.3-2021.10.win32_1.0.100.202210260954/tools/bin/../lib/gcc/arm-none-eabi/10.3.1/thumb/v7e-m+fp/hard/crtn.o

Memory Configuration

Name             Origin             Length             Attributes
RAM              0x0000000020000000 0x0000000000020000 xrw
FLASH            0x0000000008000000 0x0000000000080000 xr
*default*        0x0000000000000000 0xffffffffffffffff

Linker script and memory map

LOAD d:/applications/stm32cubeide_1.11.2/stm32cubeide/plugins/com.st.stm32cube.ide.mcu.externaltools.gnu-tools-for-stm32.10.3-2021.10.win32_1.0.100.202210260954/tools/bin/../lib/gcc/arm-none-eabi/10.3.1/thumb/v7e-m+fp/hard/crti.o
LOAD d:/applications/stm32cubeide_1.11.2/stm32cubeide/plugins/com.st.stm32cube.ide.mcu.externaltools.gnu-tools-for-stm32.10.3-2021.10.win32_1.0.100.202210260954/tools/bin/../lib/gcc/arm-none-eabi/10.3.1/thumb/v7e-m+fp/hard/crtbegin.o
LOAD d:/applications/stm32cubeide_1.11.2/stm32cubeide/plugins/com.st.stm32cube.ide.mcu.externaltools.gnu-tools-for-stm32.10.3-2021.10.win32_1.0.100.202210260954/tools/bin/../lib/gcc/arm-none-eabi/10.3.1/../../../../arm-none-eabi/lib/thumb/v7e-m+fp/hard/crt0.o
LOAD ./Driver/Src/core_systick_delay.o
LOAD ./Driver/Src/stm32_clock.o
LOAD ./Driver/Src/stm32_delay_timer.o
LOAD ./Driver/Src/stm32_gpio_driver.o
LOAD ./Driver/Src/stm32_usart.o
LOAD ./Src/main.o
LOAD ./Src/syscalls.o
LOAD ./Src/sysmem.o
LOAD ./Startup/startup_stm32f411vetx.o
START GROUP
LOAD d:/applications/stm32cubeide_1.11.2/stm32cubeide/plugins/com.st.stm32cube.ide.mcu.externaltools.gnu-tools-for-stm32.10.3-2021.10.win32_1.0.100.202210260954/tools/bin/../lib/gcc/arm-none-eabi/10.3.1/../../../../arm-none-eabi/lib/thumb/v7e-m+fp/hard\libc_nano.a
LOAD d:/applications/stm32cubeide_1.11.2/stm32cubeide/plugins/com.st.stm32cube.ide.mcu.externaltools.gnu-tools-for-stm32.10.3-2021.10.win32_1.0.100.202210260954/tools/bin/../lib/gcc/arm-none-eabi/10.3.1/../../../../arm-none-eabi/lib/thumb/v7e-m+fp/hard\libm.a
END GROUP
START GROUP
LOAD d:/applications/stm32cubeide_1.11.2/stm32cubeide/plugins/com.st.stm32cube.ide.mcu.externaltools.gnu-tools-for-stm32.10.3-2021.10.win32_1.0.100.202210260954/tools/bin/../lib/gcc/arm-none-eabi/10.3.1/thumb/v7e-m+fp/hard\libgcc.a
LOAD d:/applications/stm32cubeide_1.11.2/stm32cubeide/plugins/com.st.stm32cube.ide.mcu.externaltools.gnu-tools-for-stm32.10.3-2021.10.win32_1.0.100.202210260954/tools/bin/../lib/gcc/arm-none-eabi/10.3.1/../../../../arm-none-eabi/lib/thumb/v7e-m+fp/hard\libc_nano.a
END GROUP
START GROUP
LOAD d:/applications/stm32cubeide_1.11.2/stm32cubeide/plugins/com.st.stm32cube.ide.mcu.externaltools.gnu-tools-for-stm32.10.3-2021.10.win32_1.0.100.202210260954/tools/bin/../lib/gcc/arm-none-eabi/10.3.1/thumb/v7e-m+fp/hard\libgcc.a
LOAD d:/applications/stm32cubeide_1.11.2/stm32cubeide/plugins/com.st.stm32cube.ide.mcu.externaltools.gnu-tools-for-stm32.10.3-2021.10.win32_1.0.100.202210260954/tools/bin/../lib/gcc/arm-none-eabi/10.3.1/../../../../arm-none-eabi/lib/thumb/v7e-m+fp/hard\libc_nano.a
LOAD d:/applications/stm32cubeide_1.11.2/stm32cubeide/plugins/com.st.stm32cube.ide.mcu.externaltools.gnu-tools-for-stm32.10.3-2021.10.win32_1.0.100.202210260954/tools/bin/../lib/gcc/arm-none-eabi/10.3.1/../../../../arm-none-eabi/lib/thumb/v7e-m+fp/hard\libnosys.a
END GROUP
START GROUP
LOAD d:/applications/stm32cubeide_1.11.2/stm32cubeide/plugins/com.st.stm32cube.ide.mcu.externaltools.gnu-tools-for-stm32.10.3-2021.10.win32_1.0.100.202210260954/tools/bin/../lib/gcc/arm-none-eabi/10.3.1/thumb/v7e-m+fp/hard\libgcc.a
LOAD d:/applications/stm32cubeide_1.11.2/stm32cubeide/plugins/com.st.stm32cube.ide.mcu.externaltools.gnu-tools-for-stm32.10.3-2021.10.win32_1.0.100.202210260954/tools/bin/../lib/gcc/arm-none-eabi/10.3.1/../../../../arm-none-eabi/lib/thumb/v7e-m+fp/hard\libc_nano.a
LOAD d:/applications/stm32cubeide_1.11.2/stm32cubeide/plugins/com.st.stm32cube.ide.mcu.externaltools.gnu-tools-for-stm32.10.3-2021.10.win32_1.0.100.202210260954/tools/bin/../lib/gcc/arm-none-eabi/10.3.1/../../../../arm-none-eabi/lib/thumb/v7e-m+fp/hard\libnosys.a
END GROUP
LOAD d:/applications/stm32cubeide_1.11.2/stm32cubeide/plugins/com.st.stm32cube.ide.mcu.externaltools.gnu-tools-for-stm32.10.3-2021.10.win32_1.0.100.202210260954/tools/bin/../lib/gcc/arm-none-eabi/10.3.1/thumb/v7e-m+fp/hard/crtend.o
LOAD d:/applications/stm32cubeide_1.11.2/stm32cubeide/plugins/com.st.stm32cube.ide.mcu.externaltools.gnu-tools-for-stm32.10.3-2021.10.win32_1.0.100.202210260954/tools/bin/../lib/gcc/arm-none-eabi/10.3.1/thumb/v7e-m+fp/hard/crtn.o
                0x0000000020020000                _estack = (ORIGIN (RAM) + LENGTH (RAM))
                0x0000000000000200                _Min_Heap_Size = 0x200
                0x0000000000000400                _Min_Stack_Size = 0x400

.isr_vector     0x0000000008000000      0x198
                0x0000000008000000                . = ALIGN (0x4)
 *(.isr_vector)
 .isr_vector    0x0000000008000000      0x198 ./Startup/startup_stm32f411vetx.o
                0x0000000008000000                g_pfnVectors
                0x0000000008000198                . = ALIGN (0x4)

.text           0x0000000008000198      0x6a4
                0x0000000008000198                . = ALIGN (0x4)
 *(.text)
 .text          0x0000000008000198       0x40 d:/applications/stm32cubeide_1.11.2/stm32cubeide/plugins/com.st.stm32cube.ide.mcu.externaltools.gnu-tools-for-stm32.10.3-2021.10.win32_1.0.100.202210260954/tools/bin/../lib/gcc/arm-none-eabi/10.3.1/thumb/v7e-m+fp/hard/crtbegin.o
 *(.text*)
 .text.Systick_delay_Init
                0x00000000080001d8       0x30 ./Driver/Src/core_systick_delay.o
                0x00000000080001d8                Systick_delay_Init
 .text.Delay_systick_Us
                0x0000000008000208       0x44 ./Driver/Src/core_systick_delay.o
                0x0000000008000208                Delay_systick_Us
 .text.Delay_systick_Ms
                0x000000000800024c       0x26 ./Driver/Src/core_systick_delay.o
                0x000000000800024c                Delay_systick_Ms
 *fill*         0x0000000008000272        0x2 
 .text.SysTick_Handler
                0x0000000008000274       0x24 ./Driver/Src/core_systick_delay.o
                0x0000000008000274                SysTick_Handler
 .text.SysClockConfig_100Mhz
                0x0000000008000298       0xc0 ./Driver/Src/stm32_clock.o
                0x0000000008000298                SysClockConfig_100Mhz
 .text.GPIO_PeriClockControl
                0x0000000008000358      0x140 ./Driver/Src/stm32_gpio_driver.o
                0x0000000008000358                GPIO_PeriClockControl
 .text.GPIO_Init
                0x0000000008000498      0x19c ./Driver/Src/stm32_gpio_driver.o
                0x0000000008000498                GPIO_Init
 .text.GPIO_ToggleOutputPin
                0x0000000008000634       0x2a ./Driver/Src/stm32_gpio_driver.o
                0x0000000008000634                GPIO_ToggleOutputPin
 *fill*         0x000000000800065e        0x2 
 .text.USART2_Received_1byte
                0x0000000008000660       0x30 ./Driver/Src/stm32_usart.o
                0x0000000008000660                USART2_Received_1byte
 .text.USART2_IRQHandler
                0x0000000008000690       0x2c ./Driver/Src/stm32_usart.o
                0x0000000008000690                USART2_IRQHandler
 .text.main     0x00000000080006bc       0x28 ./Src/main.o
                0x00000000080006bc                main
 .text.initGPIO
                0x00000000080006e4       0x64 ./Src/main.o
                0x00000000080006e4                initGPIO
 .text.EXTI0_IRQHandler
                0x0000000008000748       0x40 ./Src/main.o
                0x0000000008000748                EXTI0_IRQHandler
 .text.Reset_Handler
                0x0000000008000788       0x50 ./Startup/startup_stm32f411vetx.o
                0x0000000008000788                Reset_Handler
 .text.Default_Handler
                0x00000000080007d8        0x2 ./Startup/startup_stm32f411vetx.o
                0x00000000080007d8                RTC_Alarm_IRQHandler
                0x00000000080007d8                EXTI2_IRQHandler
                0x00000000080007d8                DebugMon_Handler
                0x00000000080007d8                SPI4_IRQHandler
                0x00000000080007d8                TIM1_CC_IRQHandler
                0x00000000080007d8                DMA2_Stream5_IRQHandler
                0x00000000080007d8                HardFault_Handler
                0x00000000080007d8                DMA1_Stream5_IRQHandler
                0x00000000080007d8                PVD_IRQHandler
                0x00000000080007d8                SDIO_IRQHandler
                0x00000000080007d8                TAMP_STAMP_IRQHandler
                0x00000000080007d8                PendSV_Handler
                0x00000000080007d8                NMI_Handler
                0x00000000080007d8                EXTI3_IRQHandler
                0x00000000080007d8                TIM1_UP_TIM10_IRQHandler
                0x00000000080007d8                I2C3_ER_IRQHandler
                0x00000000080007d8                I2C2_EV_IRQHandler
                0x00000000080007d8                DMA1_Stream2_IRQHandler
                0x00000000080007d8                UsageFault_Handler
                0x00000000080007d8                DMA2_Stream2_IRQHandler
                0x00000000080007d8                SPI1_IRQHandler
                0x00000000080007d8                TIM1_BRK_TIM9_IRQHandler
                0x00000000080007d8                DMA2_Stream3_IRQHandler
                0x00000000080007d8                USART6_IRQHandler
                0x00000000080007d8                DMA2_Stream0_IRQHandler
                0x00000000080007d8                TIM4_IRQHandler
                0x00000000080007d8                I2C1_EV_IRQHandler
                0x00000000080007d8                DMA1_Stream6_IRQHandler
                0x00000000080007d8                DMA1_Stream1_IRQHandler
                0x00000000080007d8                TIM3_IRQHandler
                0x00000000080007d8                RCC_IRQHandler
                0x00000000080007d8                Default_Handler
                0x00000000080007d8                EXTI15_10_IRQHandler
                0x00000000080007d8                ADC_IRQHandler
                0x00000000080007d8                DMA1_Stream7_IRQHandler
                0x00000000080007d8                SPI5_IRQHandler
                0x00000000080007d8                TIM5_IRQHandler
                0x00000000080007d8                DMA2_Stream7_IRQHandler
                0x00000000080007d8                I2C3_EV_IRQHandler
                0x00000000080007d8                EXTI9_5_IRQHandler
                0x00000000080007d8                RTC_WKUP_IRQHandler
                0x00000000080007d8                SPI2_IRQHandler
                0x00000000080007d8                MemManage_Handler
                0x00000000080007d8                DMA1_Stream0_IRQHandler
                0x00000000080007d8                SVC_Handler
                0x00000000080007d8                EXTI4_IRQHandler
                0x00000000080007d8                WWDG_IRQHandler
                0x00000000080007d8                TIM2_IRQHandler
                0x00000000080007d8                OTG_FS_WKUP_IRQHandler
                0x00000000080007d8                TIM1_TRG_COM_TIM11_IRQHandler
                0x00000000080007d8                EXTI1_IRQHandler
                0x00000000080007d8                I2C2_ER_IRQHandler
                0x00000000080007d8                DMA2_Stream1_IRQHandler
                0x00000000080007d8                FLASH_IRQHandler
                0x00000000080007d8                DMA2_Stream4_IRQHandler
                0x00000000080007d8                BusFault_Handler
                0x00000000080007d8                USART1_IRQHandler
                0x00000000080007d8                OTG_FS_IRQHandler
                0x00000000080007d8                SPI3_IRQHandler
                0x00000000080007d8                DMA1_Stream4_IRQHandler
                0x00000000080007d8                I2C1_ER_IRQHandler
                0x00000000080007d8                DMA2_Stream6_IRQHandler
                0x00000000080007d8                DMA1_Stream3_IRQHandler
 *fill*         0x00000000080007da        0x2 
 .text.__libc_init_array
                0x00000000080007dc       0x48 d:/applications/stm32cubeide_1.11.2/stm32cubeide/plugins/com.st.stm32cube.ide.mcu.externaltools.gnu-tools-for-stm32.10.3-2021.10.win32_1.0.100.202210260954/tools/bin/../lib/gcc/arm-none-eabi/10.3.1/../../../../arm-none-eabi/lib/thumb/v7e-m+fp/hard\libc_nano.a(lib_a-init.o)
                0x00000000080007dc                __libc_init_array
 *(.glue_7)
 .glue_7        0x0000000008000824        0x0 linker stubs
 *(.glue_7t)
 .glue_7t       0x0000000008000824        0x0 linker stubs
 *(.eh_frame)
 .eh_frame      0x0000000008000824        0x0 d:/applications/stm32cubeide_1.11.2/stm32cubeide/plugins/com.st.stm32cube.ide.mcu.externaltools.gnu-tools-for-stm32.10.3-2021.10.win32_1.0.100.202210260954/tools/bin/../lib/gcc/arm-none-eabi/10.3.1/thumb/v7e-m+fp/hard/crtbegin.o
 *(.init)
 .init          0x0000000008000824        0x4 d:/applications/stm32cubeide_1.11.2/stm32cubeide/plugins/com.st.stm32cube.ide.mcu.externaltools.gnu-tools-for-stm32.10.3-2021.10.win32_1.0.100.202210260954/tools/bin/../lib/gcc/arm-none-eabi/10.3.1/thumb/v7e-m+fp/hard/crti.o
                0x0000000008000824                _init
 .init          0x0000000008000828        0x8 d:/applications/stm32cubeide_1.11.2/stm32cubeide/plugins/com.st.stm32cube.ide.mcu.externaltools.gnu-tools-for-stm32.10.3-2021.10.win32_1.0.100.202210260954/tools/bin/../lib/gcc/arm-none-eabi/10.3.1/thumb/v7e-m+fp/hard/crtn.o
 *(.fini)
 .fini          0x0000000008000830        0x4 d:/applications/stm32cubeide_1.11.2/stm32cubeide/plugins/com.st.stm32cube.ide.mcu.externaltools.gnu-tools-for-stm32.10.3-2021.10.win32_1.0.100.202210260954/tools/bin/../lib/gcc/arm-none-eabi/10.3.1/thumb/v7e-m+fp/hard/crti.o
                0x0000000008000830                _fini
 .fini          0x0000000008000834        0x8 d:/applications/stm32cubeide_1.11.2/stm32cubeide/plugins/com.st.stm32cube.ide.mcu.externaltools.gnu-tools-for-stm32.10.3-2021.10.win32_1.0.100.202210260954/tools/bin/../lib/gcc/arm-none-eabi/10.3.1/thumb/v7e-m+fp/hard/crtn.o
                0x000000000800083c                . = ALIGN (0x4)
                0x000000000800083c                _etext = .

.vfp11_veneer   0x000000000800083c        0x0
 .vfp11_veneer  0x000000000800083c        0x0 linker stubs

.v4_bx          0x000000000800083c        0x0
 .v4_bx         0x000000000800083c        0x0 linker stubs

.iplt           0x000000000800083c        0x0
 .iplt          0x000000000800083c        0x0 d:/applications/stm32cubeide_1.11.2/stm32cubeide/plugins/com.st.stm32cube.ide.mcu.externaltools.gnu-tools-for-stm32.10.3-2021.10.win32_1.0.100.202210260954/tools/bin/../lib/gcc/arm-none-eabi/10.3.1/thumb/v7e-m+fp/hard/crtbegin.o

.rel.dyn        0x000000000800083c        0x0
 .rel.iplt      0x000000000800083c        0x0 d:/applications/stm32cubeide_1.11.2/stm32cubeide/plugins/com.st.stm32cube.ide.mcu.externaltools.gnu-tools-for-stm32.10.3-2021.10.win32_1.0.100.202210260954/tools/bin/../lib/gcc/arm-none-eabi/10.3.1/thumb/v7e-m+fp/hard/crtbegin.o

.rodata         0x000000000800083c        0x0
                0x000000000800083c                . = ALIGN (0x4)
 *(.rodata)
 *(.rodata*)
                0x000000000800083c                . = ALIGN (0x4)

.ARM.extab      0x000000000800083c        0x0
                0x000000000800083c                . = ALIGN (0x4)
 *(.ARM.extab* .gnu.linkonce.armextab.*)
                0x000000000800083c                . = ALIGN (0x4)

.ARM            0x000000000800083c        0x0
                0x000000000800083c                . = ALIGN (0x4)
                0x000000000800083c                __exidx_start = .
 *(.ARM.exidx*)
                0x000000000800083c                __exidx_end = .
                0x000000000800083c                . = ALIGN (0x4)

.preinit_array  0x000000000800083c        0x0
                0x000000000800083c                . = ALIGN (0x4)
                0x000000000800083c                PROVIDE (__preinit_array_start = .)
 *(.preinit_array*)
                0x000000000800083c                PROVIDE (__preinit_array_end = .)
                0x000000000800083c                . = ALIGN (0x4)

.init_array     0x000000000800083c        0x4
                0x000000000800083c                . = ALIGN (0x4)
                0x000000000800083c                PROVIDE (__init_array_start = .)
 *(SORT_BY_NAME(.init_array.*))
 *(.init_array*)
 .init_array    0x000000000800083c        0x4 d:/applications/stm32cubeide_1.11.2/stm32cubeide/plugins/com.st.stm32cube.ide.mcu.externaltools.gnu-tools-for-stm32.10.3-2021.10.win32_1.0.100.202210260954/tools/bin/../lib/gcc/arm-none-eabi/10.3.1/thumb/v7e-m+fp/hard/crtbegin.o
                0x0000000008000840                PROVIDE (__init_array_end = .)
                0x0000000008000840                . = ALIGN (0x4)

.fini_array     0x0000000008000840        0x4
                0x0000000008000840                . = ALIGN (0x4)
                [!provide]                        PROVIDE (__fini_array_start = .)
 *(SORT_BY_NAME(.fini_array.*))
 *(.fini_array*)
 .fini_array    0x0000000008000840        0x4 d:/applications/stm32cubeide_1.11.2/stm32cubeide/plugins/com.st.stm32cube.ide.mcu.externaltools.gnu-tools-for-stm32.10.3-2021.10.win32_1.0.100.202210260954/tools/bin/../lib/gcc/arm-none-eabi/10.3.1/thumb/v7e-m+fp/hard/crtbegin.o
                [!provide]                        PROVIDE (__fini_array_end = .)
                0x0000000008000844                . = ALIGN (0x4)
                0x0000000008000844                _sidata = LOADADDR (.data)

.data           0x0000000020000000        0x4 load address 0x0000000008000844
                0x0000000020000000                . = ALIGN (0x4)
                0x0000000020000000                _sdata = .
 *(.data)
 *(.data*)
 .data.pRxBuff  0x0000000020000000        0x1 ./Src/main.o
                0x0000000020000000                pRxBuff
 *(.RamFunc)
 *(.RamFunc*)
                0x0000000020000004                . = ALIGN (0x4)
 *fill*         0x0000000020000001        0x3 
                0x0000000020000004                _edata = .

.igot.plt       0x0000000020000004        0x0 load address 0x0000000008000848
 .igot.plt      0x0000000020000004        0x0 d:/applications/stm32cubeide_1.11.2/stm32cubeide/plugins/com.st.stm32cube.ide.mcu.externaltools.gnu-tools-for-stm32.10.3-2021.10.win32_1.0.100.202210260954/tools/bin/../lib/gcc/arm-none-eabi/10.3.1/thumb/v7e-m+fp/hard/crtbegin.o
                0x0000000020000004                . = ALIGN (0x4)

.bss            0x0000000020000004       0x24 load address 0x0000000008000848
                0x0000000020000004                _sbss = .
                0x0000000020000004                __bss_start__ = _sbss
 *(.bss)
 .bss           0x0000000020000004       0x1c d:/applications/stm32cubeide_1.11.2/stm32cubeide/plugins/com.st.stm32cube.ide.mcu.externaltools.gnu-tools-for-stm32.10.3-2021.10.win32_1.0.100.202210260954/tools/bin/../lib/gcc/arm-none-eabi/10.3.1/thumb/v7e-m+fp/hard/crtbegin.o
 *(.bss*)
 .bss.usTicks   0x0000000020000020        0x4 ./Driver/Src/core_systick_delay.o
 .bss.count     0x0000000020000024        0x4 ./Src/main.o
                0x0000000020000024                count
 *(COMMON)
                0x0000000020000028                . = ALIGN (0x4)
                0x0000000020000028                _ebss = .
                0x0000000020000028                __bss_end__ = _ebss

._user_heap_stack
                0x0000000020000028      0x600 load address 0x0000000008000848
                0x0000000020000028                . = ALIGN (0x8)
                [!provide]                        PROVIDE (end = .)
                0x0000000020000028                PROVIDE (_end = .)
                0x0000000020000228                . = (. + _Min_Heap_Size)
 *fill*         0x0000000020000028      0x200 
                0x0000000020000628                . = (. + _Min_Stack_Size)
 *fill*         0x0000000020000228      0x400 
                0x0000000020000628                . = ALIGN (0x8)

/DISCARD/
 libc.a(*)
 libm.a(*)
 libgcc.a(*)

.ARM.attributes
                0x0000000000000000       0x30
 *(.ARM.attributes)
 .ARM.attributes
                0x0000000000000000       0x1e d:/applications/stm32cubeide_1.11.2/stm32cubeide/plugins/com.st.stm32cube.ide.mcu.externaltools.gnu-tools-for-stm32.10.3-2021.10.win32_1.0.100.202210260954/tools/bin/../lib/gcc/arm-none-eabi/10.3.1/thumb/v7e-m+fp/hard/crti.o
 .ARM.attributes
                0x000000000000001e       0x34 d:/applications/stm32cubeide_1.11.2/stm32cubeide/plugins/com.st.stm32cube.ide.mcu.externaltools.gnu-tools-for-stm32.10.3-2021.10.win32_1.0.100.202210260954/tools/bin/../lib/gcc/arm-none-eabi/10.3.1/thumb/v7e-m+fp/hard/crtbegin.o
 .ARM.attributes
                0x0000000000000052       0x34 ./Driver/Src/core_systick_delay.o
 .ARM.attributes
                0x0000000000000086       0x34 ./Driver/Src/stm32_clock.o
 .ARM.attributes
                0x00000000000000ba       0x34 ./Driver/Src/stm32_gpio_driver.o
 .ARM.attributes
                0x00000000000000ee       0x34 ./Driver/Src/stm32_usart.o
 .ARM.attributes
                0x0000000000000122       0x34 ./Src/main.o
 .ARM.attributes
                0x0000000000000156       0x21 ./Startup/startup_stm32f411vetx.o
 .ARM.attributes
                0x0000000000000177       0x34 d:/applications/stm32cubeide_1.11.2/stm32cubeide/plugins/com.st.stm32cube.ide.mcu.externaltools.gnu-tools-for-stm32.10.3-2021.10.win32_1.0.100.202210260954/tools/bin/../lib/gcc/arm-none-eabi/10.3.1/../../../../arm-none-eabi/lib/thumb/v7e-m+fp/hard\libc_nano.a(lib_a-init.o)
 .ARM.attributes
                0x00000000000001ab       0x1e d:/applications/stm32cubeide_1.11.2/stm32cubeide/plugins/com.st.stm32cube.ide.mcu.externaltools.gnu-tools-for-stm32.10.3-2021.10.win32_1.0.100.202210260954/tools/bin/../lib/gcc/arm-none-eabi/10.3.1/thumb/v7e-m+fp/hard/crtn.o
OUTPUT(STM32F4_base.elf elf32-littlearm)
LOAD linker stubs
LOAD d:/applications/stm32cubeide_1.11.2/stm32cubeide/plugins/com.st.stm32cube.ide.mcu.externaltools.gnu-tools-for-stm32.10.3-2021.10.win32_1.0.100.202210260954/tools/bin/../lib/gcc/arm-none-eabi/10.3.1/../../../../arm-none-eabi/lib/thumb/v7e-m+fp/hard\libc.a
LOAD d:/applications/stm32cubeide_1.11.2/stm32cubeide/plugins/com.st.stm32cube.ide.mcu.externaltools.gnu-tools-for-stm32.10.3-2021.10.win32_1.0.100.202210260954/tools/bin/../lib/gcc/arm-none-eabi/10.3.1/../../../../arm-none-eabi/lib/thumb/v7e-m+fp/hard\libm.a
LOAD d:/applications/stm32cubeide_1.11.2/stm32cubeide/plugins/com.st.stm32cube.ide.mcu.externaltools.gnu-tools-for-stm32.10.3-2021.10.win32_1.0.100.202210260954/tools/bin/../lib/gcc/arm-none-eabi/10.3.1/thumb/v7e-m+fp/hard\libgcc.a

.debug_info     0x0000000000000000     0x1795
 .debug_info    0x0000000000000000      0x155 ./Driver/Src/core_systick_delay.o
 .debug_info    0x0000000000000155      0x2e0 ./Driver/Src/stm32_clock.o
 .debug_info    0x0000000000000435      0x592 ./Driver/Src/stm32_gpio_driver.o
 .debug_info    0x00000000000009c7      0x6a8 ./Driver/Src/stm32_usart.o
 .debug_info    0x000000000000106f      0x704 ./Src/main.o
 .debug_info    0x0000000000001773       0x22 ./Startup/startup_stm32f411vetx.o

.debug_abbrev   0x0000000000000000      0x692
 .debug_abbrev  0x0000000000000000       0xe6 ./Driver/Src/core_systick_delay.o
 .debug_abbrev  0x00000000000000e6       0x9e ./Driver/Src/stm32_clock.o
 .debug_abbrev  0x0000000000000184      0x128 ./Driver/Src/stm32_gpio_driver.o
 .debug_abbrev  0x00000000000002ac      0x1e3 ./Driver/Src/stm32_usart.o
 .debug_abbrev  0x000000000000048f      0x1f1 ./Src/main.o
 .debug_abbrev  0x0000000000000680       0x12 ./Startup/startup_stm32f411vetx.o

.debug_aranges  0x0000000000000000      0x180
 .debug_aranges
                0x0000000000000000       0x38 ./Driver/Src/core_systick_delay.o
 .debug_aranges
                0x0000000000000038       0x20 ./Driver/Src/stm32_clock.o
 .debug_aranges
                0x0000000000000058       0x68 ./Driver/Src/stm32_gpio_driver.o
 .debug_aranges
                0x00000000000000c0       0x58 ./Driver/Src/stm32_usart.o
 .debug_aranges
                0x0000000000000118       0x40 ./Src/main.o
 .debug_aranges
                0x0000000000000158       0x28 ./Startup/startup_stm32f411vetx.o

.debug_ranges   0x0000000000000000      0x128
 .debug_ranges  0x0000000000000000       0x28 ./Driver/Src/core_systick_delay.o
 .debug_ranges  0x0000000000000028       0x10 ./Driver/Src/stm32_clock.o
 .debug_ranges  0x0000000000000038       0x58 ./Driver/Src/stm32_gpio_driver.o
 .debug_ranges  0x0000000000000090       0x48 ./Driver/Src/stm32_usart.o
 .debug_ranges  0x00000000000000d8       0x30 ./Src/main.o
 .debug_ranges  0x0000000000000108       0x20 ./Startup/startup_stm32f411vetx.o

.debug_macro    0x0000000000000000     0x1fa8
 .debug_macro   0x0000000000000000       0x7c ./Driver/Src/core_systick_delay.o
 .debug_macro   0x000000000000007c      0xa7e ./Driver/Src/core_systick_delay.o
 .debug_macro   0x0000000000000afa       0x22 ./Driver/Src/core_systick_delay.o
 .debug_macro   0x0000000000000b1c       0x8e ./Driver/Src/core_systick_delay.o
 .debug_macro   0x0000000000000baa       0x51 ./Driver/Src/core_systick_delay.o
 .debug_macro   0x0000000000000bfb      0x103 ./Driver/Src/core_systick_delay.o
 .debug_macro   0x0000000000000cfe       0x6a ./Driver/Src/core_systick_delay.o
 .debug_macro   0x0000000000000d68      0x1df ./Driver/Src/core_systick_delay.o
 .debug_macro   0x0000000000000f47       0x28 ./Driver/Src/core_systick_delay.o
 .debug_macro   0x0000000000000f6f       0x8e ./Driver/Src/stm32_clock.o
 .debug_macro   0x0000000000000ffd      0x1cb ./Driver/Src/stm32_clock.o
 .debug_macro   0x00000000000011c8       0x81 ./Driver/Src/stm32_gpio_driver.o
 .debug_macro   0x0000000000001249      0x124 ./Driver/Src/stm32_gpio_driver.o
 .debug_macro   0x000000000000136d       0xa0 ./Driver/Src/stm32_usart.o
 .debug_macro   0x000000000000140d      0x12a ./Driver/Src/stm32_usart.o
 .debug_macro   0x0000000000001537       0x2e ./Driver/Src/stm32_usart.o
 .debug_macro   0x0000000000001565      0x19d ./Src/main.o
 .debug_macro   0x0000000000001702       0x52 ./Src/main.o
 .debug_macro   0x0000000000001754       0x1e ./Src/main.o
 .debug_macro   0x0000000000001772       0x3c ./Src/main.o
 .debug_macro   0x00000000000017ae       0x34 ./Src/main.o
 .debug_macro   0x00000000000017e2      0x174 ./Src/main.o
 .debug_macro   0x0000000000001956       0x16 ./Src/main.o
 .debug_macro   0x000000000000196c       0x43 ./Src/main.o
 .debug_macro   0x00000000000019af       0x34 ./Src/main.o
 .debug_macro   0x00000000000019e3       0x10 ./Src/main.o
 .debug_macro   0x00000000000019f3       0x58 ./Src/main.o
 .debug_macro   0x0000000000001a4b       0x71 ./Src/main.o
 .debug_macro   0x0000000000001abc       0x1c ./Src/main.o
 .debug_macro   0x0000000000001ad8      0x12a ./Src/main.o
 .debug_macro   0x0000000000001c02      0x341 ./Src/main.o
 .debug_macro   0x0000000000001f43       0x10 ./Src/main.o
 .debug_macro   0x0000000000001f53       0x35 ./Src/main.o
 .debug_macro   0x0000000000001f88       0x20 ./Src/main.o

.debug_line     0x0000000000000000     0x1cc0
 .debug_line    0x0000000000000000      0x483 ./Driver/Src/core_systick_delay.o
 .debug_line    0x0000000000000483      0x46a ./Driver/Src/stm32_clock.o
 .debug_line    0x00000000000008ed      0x6f0 ./Driver/Src/stm32_gpio_driver.o
 .debug_line    0x0000000000000fdd      0x5d7 ./Driver/Src/stm32_usart.o
 .debug_line    0x00000000000015b4      0x688 ./Src/main.o
 .debug_line    0x0000000000001c3c       0x84 ./Startup/startup_stm32f411vetx.o

.debug_str      0x0000000000000000     0x80ad
 .debug_str     0x0000000000000000     0x3bf6 ./Driver/Src/core_systick_delay.o
                                       0x3d5f (size before relaxing)
 .debug_str     0x0000000000003bf6      0xc9b ./Driver/Src/stm32_clock.o
                                       0x4884 (size before relaxing)
 .debug_str     0x0000000000004891      0x4d1 ./Driver/Src/stm32_gpio_driver.o
                                       0x4cd2 (size before relaxing)
 .debug_str     0x0000000000004d62      0x14f ./Driver/Src/stm32_usart.o
                                       0x4e27 (size before relaxing)
 .debug_str     0x0000000000004eb1     0x31cb ./Src/main.o
                                       0x7fcd (size before relaxing)
 .debug_str     0x000000000000807c       0x31 ./Startup/startup_stm32f411vetx.o
                                         0x59 (size before relaxing)

.comment        0x0000000000000000       0x50
 .comment       0x0000000000000000       0x50 ./Driver/Src/core_systick_delay.o
                                         0x51 (size before relaxing)
 .comment       0x0000000000000050       0x51 ./Driver/Src/stm32_clock.o
 .comment       0x0000000000000050       0x51 ./Driver/Src/stm32_gpio_driver.o
 .comment       0x0000000000000050       0x51 ./Driver/Src/stm32_usart.o
 .comment       0x0000000000000050       0x51 ./Src/main.o

.debug_frame    0x0000000000000000      0x46c
 .debug_frame   0x0000000000000000       0x9c ./Driver/Src/core_systick_delay.o
 .debug_frame   0x000000000000009c       0x30 ./Driver/Src/stm32_clock.o
 .debug_frame   0x00000000000000cc      0x190 ./Driver/Src/stm32_gpio_driver.o
 .debug_frame   0x000000000000025c      0x130 ./Driver/Src/stm32_usart.o
 .debug_frame   0x000000000000038c       0xb4 ./Src/main.o
 .debug_frame   0x0000000000000440       0x2c d:/applications/stm32cubeide_1.11.2/stm32cubeide/plugins/com.st.stm32cube.ide.mcu.externaltools.gnu-tools-for-stm32.10.3-2021.10.win32_1.0.100.202210260954/tools/bin/../lib/gcc/arm-none-eabi/10.3.1/../../../../arm-none-eabi/lib/thumb/v7e-m+fp/hard\libc_nano.a(lib_a-init.o)
