Archive member included to satisfy reference by file (symbol)

d:/applications/stm32cubeide_1.11.2/stm32cubeide/plugins/com.st.stm32cube.ide.mcu.externaltools.gnu-tools-for-stm32.10.3-2021.10.win32_1.0.100.202210260954/tools/bin/../lib/gcc/arm-none-eabi/10.3.1/../../../../arm-none-eabi/lib/thumb/v7e-m+fp/hard\libc_nano.a(lib_a-errno.o)
                              ./Core/Src/syscalls.o (__errno)
d:/applications/stm32cubeide_1.11.2/stm32cubeide/plugins/com.st.stm32cube.ide.mcu.externaltools.gnu-tools-for-stm32.10.3-2021.10.win32_1.0.100.202210260954/tools/bin/../lib/gcc/arm-none-eabi/10.3.1/../../../../arm-none-eabi/lib/thumb/v7e-m+fp/hard\libc_nano.a(lib_a-exit.o)
                              d:/applications/stm32cubeide_1.11.2/stm32cubeide/plugins/com.st.stm32cube.ide.mcu.externaltools.gnu-tools-for-stm32.10.3-2021.10.win32_1.0.100.202210260954/tools/bin/../lib/gcc/arm-none-eabi/10.3.1/../../../../arm-none-eabi/lib/thumb/v7e-m+fp/hard/crt0.o (exit)
d:/applications/stm32cubeide_1.11.2/stm32cubeide/plugins/com.st.stm32cube.ide.mcu.externaltools.gnu-tools-for-stm32.10.3-2021.10.win32_1.0.100.202210260954/tools/bin/../lib/gcc/arm-none-eabi/10.3.1/../../../../arm-none-eabi/lib/thumb/v7e-m+fp/hard\libc_nano.a(lib_a-impure.o)
                              d:/applications/stm32cubeide_1.11.2/stm32cubeide/plugins/com.st.stm32cube.ide.mcu.externaltools.gnu-tools-for-stm32.10.3-2021.10.win32_1.0.100.202210260954/tools/bin/../lib/gcc/arm-none-eabi/10.3.1/../../../../arm-none-eabi/lib/thumb/v7e-m+fp/hard\libc_nano.a(lib_a-exit.o) (_global_impure_ptr)
d:/applications/stm32cubeide_1.11.2/stm32cubeide/plugins/com.st.stm32cube.ide.mcu.externaltools.gnu-tools-for-stm32.10.3-2021.10.win32_1.0.100.202210260954/tools/bin/../lib/gcc/arm-none-eabi/10.3.1/../../../../arm-none-eabi/lib/thumb/v7e-m+fp/hard\libc_nano.a(lib_a-init.o)
                              d:/applications/stm32cubeide_1.11.2/stm32cubeide/plugins/com.st.stm32cube.ide.mcu.externaltools.gnu-tools-for-stm32.10.3-2021.10.win32_1.0.100.202210260954/tools/bin/../lib/gcc/arm-none-eabi/10.3.1/../../../../arm-none-eabi/lib/thumb/v7e-m+fp/hard/crt0.o (__libc_init_array)
d:/applications/stm32cubeide_1.11.2/stm32cubeide/plugins/com.st.stm32cube.ide.mcu.externaltools.gnu-tools-for-stm32.10.3-2021.10.win32_1.0.100.202210260954/tools/bin/../lib/gcc/arm-none-eabi/10.3.1/../../../../arm-none-eabi/lib/thumb/v7e-m+fp/hard\libc_nano.a(lib_a-memset.o)
                              d:/applications/stm32cubeide_1.11.2/stm32cubeide/plugins/com.st.stm32cube.ide.mcu.externaltools.gnu-tools-for-stm32.10.3-2021.10.win32_1.0.100.202210260954/tools/bin/../lib/gcc/arm-none-eabi/10.3.1/../../../../arm-none-eabi/lib/thumb/v7e-m+fp/hard/crt0.o (memset)
d:/applications/stm32cubeide_1.11.2/stm32cubeide/plugins/com.st.stm32cube.ide.mcu.externaltools.gnu-tools-for-stm32.10.3-2021.10.win32_1.0.100.202210260954/tools/bin/../lib/gcc/arm-none-eabi/10.3.1/thumb/v7e-m+fp/hard\libgcc.a(_arm_muldf3.o)
                              ./Core/Src/main.o (__aeabi_dmul)
d:/applications/stm32cubeide_1.11.2/stm32cubeide/plugins/com.st.stm32cube.ide.mcu.externaltools.gnu-tools-for-stm32.10.3-2021.10.win32_1.0.100.202210260954/tools/bin/../lib/gcc/arm-none-eabi/10.3.1/thumb/v7e-m+fp/hard\libgcc.a(_arm_addsubdf3.o)
                              ./Core/Src/main.o (__aeabi_dadd)
d:/applications/stm32cubeide_1.11.2/stm32cubeide/plugins/com.st.stm32cube.ide.mcu.externaltools.gnu-tools-for-stm32.10.3-2021.10.win32_1.0.100.202210260954/tools/bin/../lib/gcc/arm-none-eabi/10.3.1/thumb/v7e-m+fp/hard\libgcc.a(_arm_muldivdf3.o)
                              ./Core/Src/main.o (__aeabi_ddiv)
d:/applications/stm32cubeide_1.11.2/stm32cubeide/plugins/com.st.stm32cube.ide.mcu.externaltools.gnu-tools-for-stm32.10.3-2021.10.win32_1.0.100.202210260954/tools/bin/../lib/gcc/arm-none-eabi/10.3.1/thumb/v7e-m+fp/hard\libgcc.a(_arm_truncdfsf2.o)
                              ./Core/Src/main.o (__aeabi_d2f)
d:/applications/stm32cubeide_1.11.2/stm32cubeide/plugins/com.st.stm32cube.ide.mcu.externaltools.gnu-tools-for-stm32.10.3-2021.10.win32_1.0.100.202210260954/tools/bin/../lib/gcc/arm-none-eabi/10.3.1/thumb/v7e-m+fp/hard\libgcc.a(_aeabi_uldivmod.o)
                              ./Drivers/STM32F4xx_HAL_Driver/Src/stm32f4xx_hal_rcc.o (__aeabi_uldivmod)
d:/applications/stm32cubeide_1.11.2/stm32cubeide/plugins/com.st.stm32cube.ide.mcu.externaltools.gnu-tools-for-stm32.10.3-2021.10.win32_1.0.100.202210260954/tools/bin/../lib/gcc/arm-none-eabi/10.3.1/thumb/v7e-m+fp/hard\libgcc.a(_udivmoddi4.o)
                              d:/applications/stm32cubeide_1.11.2/stm32cubeide/plugins/com.st.stm32cube.ide.mcu.externaltools.gnu-tools-for-stm32.10.3-2021.10.win32_1.0.100.202210260954/tools/bin/../lib/gcc/arm-none-eabi/10.3.1/thumb/v7e-m+fp/hard\libgcc.a(_aeabi_uldivmod.o) (__udivmoddi4)
[...]
Memory Configuration

Name             Origin             Length             Attributes
RAM              0x0000000020000000 0x0000000000020000 xrw
FLASH            0x0000000008000000 0x0000000000080000 xr
*default*        0x0000000000000000 0xffffffffffffffff

Linker script and memory map

LOAD d:/applications/stm32cubeide_1.11.2/stm32cubeide/plugins/com.st.stm32cube.ide.mcu.externaltools.gnu-tools-for-stm32.10.3-2021.10.win32_1.0.100.202210260954/tools/bin/../lib/gcc/arm-none-eabi/10.3.1/thumb/v7e-m+fp/hard/crti.o
LOAD d:/applications/stm32cubeide_1.11.2/stm32cubeide/plugins/com.st.stm32cube.ide.mcu.externaltools.gnu-tools-for-stm32.10.3-2021.10.win32_1.0.100.202210260954/tools/bin/../lib/gcc/arm-none-eabi/10.3.1/thumb/v7e-m+fp/hard/crtbegin.o
LOAD d:/applications/stm32cubeide_1.11.2/stm32cubeide/plugins/com.st.stm32cube.ide.mcu.externaltools.gnu-tools-for-stm32.10.3-2021.10.win32_1.0.100.202210260954/tools/bin/../lib/gcc/arm-none-eabi/10.3.1/../../../../arm-none-eabi/lib/thumb/v7e-m+fp/hard/crt0.o
LOAD ./Core/Src/main.o
LOAD ./Core/Src/stm32f4xx_hal_msp.o
LOAD ./Core/Src/stm32f4xx_it.o
LOAD ./Core/Src/syscalls.o
LOAD ./Core/Src/sysmem.o
LOAD ./Core/Src/system_stm32f4xx.o
LOAD ./Core/Startup/startup_stm32f411vetx.o
LOAD ./Drivers/STM32F4xx_HAL_Driver/Src/stm32f4xx_hal.o
LOAD ./Drivers/STM32F4xx_HAL_Driver/Src/stm32f4xx_hal_cortex.o
LOAD ./Drivers/STM32F4xx_HAL_Driver/Src/stm32f4xx_hal_dma.o
LOAD ./Drivers/STM32F4xx_HAL_Driver/Src/stm32f4xx_hal_dma_ex.o
LOAD ./Drivers/STM32F4xx_HAL_Driver/Src/stm32f4xx_hal_exti.o
LOAD ./Drivers/STM32F4xx_HAL_Driver/Src/stm32f4xx_hal_flash.o
LOAD ./Drivers/STM32F4xx_HAL_Driver/Src/stm32f4xx_hal_flash_ex.o
LOAD ./Drivers/STM32F4xx_HAL_Driver/Src/stm32f4xx_hal_flash_ramfunc.o
LOAD ./Drivers/STM32F4xx_HAL_Driver/Src/stm32f4xx_hal_gpio.o
LOAD ./Drivers/STM32F4xx_HAL_Driver/Src/stm32f4xx_hal_pwr.o
LOAD ./Drivers/STM32F4xx_HAL_Driver/Src/stm32f4xx_hal_pwr_ex.o
LOAD ./Drivers/STM32F4xx_HAL_Driver/Src/stm32f4xx_hal_rcc.o
LOAD ./Drivers/STM32F4xx_HAL_Driver/Src/stm32f4xx_hal_rcc_ex.o
LOAD ./Drivers/STM32F4xx_HAL_Driver/Src/stm32f4xx_hal_tim.o
LOAD ./Drivers/STM32F4xx_HAL_Driver/Src/stm32f4xx_hal_tim_ex.o
LOAD ./Drivers/STM32F4xx_HAL_Driver/Src/stm32f4xx_hal_uart.o
LOAD ./Users/Src/clock.o
LOAD ./Users/Src/gpio.o
LOAD ./Users/Src/motor.o
LOAD ./Users/Src/pid.o
LOAD ./Users/Src/tim.o
LOAD ./Users/Src/usart.o
START GROUP
LOAD d:/applications/stm32cubeide_1.11.2/stm32cubeide/plugins/com.st.stm32cube.ide.mcu.externaltools.gnu-tools-for-stm32.10.3-2021.10.win32_1.0.100.202210260954/tools/bin/../lib/gcc/arm-none-eabi/10.3.1/../../../../arm-none-eabi/lib/thumb/v7e-m+fp/hard\libc_nano.a
LOAD d:/applications/stm32cubeide_1.11.2/stm32cubeide/plugins/com.st.stm32cube.ide.mcu.externaltools.gnu-tools-for-stm32.10.3-2021.10.win32_1.0.100.202210260954/tools/bin/../lib/gcc/arm-none-eabi/10.3.1/../../../../arm-none-eabi/lib/thumb/v7e-m+fp/hard\libm.a
END GROUP
START GROUP
LOAD d:/applications/stm32cubeide_1.11.2/stm32cubeide/plugins/com.st.stm32cube.ide.mcu.externaltools.gnu-tools-for-stm32.10.3-2021.10.win32_1.0.100.202210260954/tools/bin/../lib/gcc/arm-none-eabi/10.3.1/thumb/v7e-m+fp/hard\libgcc.a
LOAD d:/applications/stm32cubeide_1.11.2/stm32cubeide/plugins/com.st.stm32cube.ide.mcu.externaltools.gnu-tools-for-stm32.10.3-2021.10.win32_1.0.100.202210260954/tools/bin/../lib/gcc/arm-none-eabi/10.3.1/../../../../arm-none-eabi/lib/thumb/v7e-m+fp/hard\libc_nano.a
END GROUP
START GROUP
LOAD d:/applications/stm32cubeide_1.11.2/stm32cubeide/plugins/com.st.stm32cube.ide.mcu.externaltools.gnu-tools-for-stm32.10.3-2021.10.win32_1.0.100.202210260954/tools/bin/../lib/gcc/arm-none-eabi/10.3.1/thumb/v7e-m+fp/hard\libgcc.a
LOAD d:/applications/stm32cubeide_1.11.2/stm32cubeide/plugins/com.st.stm32cube.ide.mcu.externaltools.gnu-tools-for-stm32.10.3-2021.10.win32_1.0.100.202210260954/tools/bin/../lib/gcc/arm-none-eabi/10.3.1/../../../../arm-none-eabi/lib/thumb/v7e-m+fp/hard\libc_nano.a
LOAD d:/applications/stm32cubeide_1.11.2/stm32cubeide/plugins/com.st.stm32cube.ide.mcu.externaltools.gnu-tools-for-stm32.10.3-2021.10.win32_1.0.100.202210260954/tools/bin/../lib/gcc/arm-none-eabi/10.3.1/../../../../arm-none-eabi/lib/thumb/v7e-m+fp/hard\libnosys.a
END GROUP
START GROUP
LOAD d:/applications/stm32cubeide_1.11.2/stm32cubeide/plugins/com.st.stm32cube.ide.mcu.externaltools.gnu-tools-for-stm32.10.3-2021.10.win32_1.0.100.202210260954/tools/bin/../lib/gcc/arm-none-eabi/10.3.1/thumb/v7e-m+fp/hard\libgcc.a
LOAD d:/applications/stm32cubeide_1.11.2/stm32cubeide/plugins/com.st.stm32cube.ide.mcu.externaltools.gnu-tools-for-stm32.10.3-2021.10.win32_1.0.100.202210260954/tools/bin/../lib/gcc/arm-none-eabi/10.3.1/../../../../arm-none-eabi/lib/thumb/v7e-m+fp/hard\libc_nano.a
LOAD d:/applications/stm32cubeide_1.11.2/stm32cubeide/plugins/com.st.stm32cube.ide.mcu.externaltools.gnu-tools-for-stm32.10.3-2021.10.win32_1.0.100.202210260954/tools/bin/../lib/gcc/arm-none-eabi/10.3.1/../../../../arm-none-eabi/lib/thumb/v7e-m+fp/hard\libnosys.a
END GROUP
LOAD d:/applications/stm32cubeide_1.11.2/stm32cubeide/plugins/com.st.stm32cube.ide.mcu.externaltools.gnu-tools-for-stm32.10.3-2021.10.win32_1.0.100.202210260954/tools/bin/../lib/gcc/arm-none-eabi/10.3.1/thumb/v7e-m+fp/hard/crtend.o
LOAD d:/applications/stm32cubeide_1.11.2/stm32cubeide/plugins/com.st.stm32cube.ide.mcu.externaltools.gnu-tools-for-stm32.10.3-2021.10.win32_1.0.100.202210260954/tools/bin/../lib/gcc/arm-none-eabi/10.3.1/thumb/v7e-m+fp/hard/crtn.o
                0x0000000020020000                _estack = (ORIGIN (RAM) + LENGTH (RAM))
                0x0000000000000200                _Min_Heap_Size = 0x200
                0x0000000000000400                _Min_Stack_Size = 0x400

.isr_vector     0x0000000008000000      0x198
                0x0000000008000000                . = ALIGN (0x4)
 *(.isr_vector)
 .isr_vector    0x0000000008000000      0x198 ./Core/Startup/startup_stm32f411vetx.o
                0x0000000008000000                g_pfnVectors
                0x0000000008000198                . = ALIGN (0x4)

.text           0x0000000008000198     0x5750
                0x0000000008000198                . = ALIGN (0x4)
 *(.text)
 .text          0x0000000008000198       0x40 d:/applications/stm32cubeide_1.11.2/stm32cubeide/plugins/com.st.stm32cube.ide.mcu.externaltools.gnu-tools-for-stm32.10.3-2021.10.win32_1.0.100.202210260954/tools/bin/../lib/gcc/arm-none-eabi/10.3.1/thumb/v7e-m+fp/hard/crtbegin.o
 .text          0x00000000080001d8      0x378 d:/applications/stm32cubeide_1.11.2/stm32cubeide/plugins/com.st.stm32cube.ide.mcu.externaltools.gnu-tools-for-stm32.10.3-2021.10.win32_1.0.100.202210260954/tools/bin/../lib/gcc/arm-none-eabi/10.3.1/thumb/v7e-m+fp/hard\libgcc.a(_arm_addsubdf3.o)
                0x00000000080001d8                __aeabi_drsub
                0x00000000080001e0                __aeabi_dsub
                0x00000000080001e0                __subdf3
                0x00000000080001e4                __aeabi_dadd
                0x00000000080001e4                __adddf3
                0x000000000800045c                __floatunsidf
                0x000000000800045c                __aeabi_ui2d
                0x000000000800047c                __floatsidf
                0x000000000800047c                __aeabi_i2d
                0x00000000080004a0                __aeabi_f2d
                0x00000000080004a0                __extendsfdf2
                0x00000000080004e4                __floatundidf
                0x00000000080004e4                __aeabi_ul2d
                0x00000000080004f4                __floatdidf
                0x00000000080004f4                __aeabi_l2d
 .text          0x0000000008000550      0x424 d:/applications/stm32cubeide_1.11.2/stm32cubeide/plugins/com.st.stm32cube.ide.mcu.externaltools.gnu-tools-for-stm32.10.3-2021.10.win32_1.0.100.202210260954/tools/bin/../lib/gcc/arm-none-eabi/10.3.1/thumb/v7e-m+fp/hard\libgcc.a(_arm_muldivdf3.o)
                0x0000000008000550                __aeabi_dmul
                0x0000000008000550                __muldf3
                0x00000000080007a4                __divdf3
                0x00000000080007a4                __aeabi_ddiv
 .text          0x0000000008000974       0xa0 d:/applications/stm32cubeide_1.11.2/stm32cubeide/plugins/com.st.stm32cube.ide.mcu.externaltools.gnu-tools-for-stm32.10.3-2021.10.win32_1.0.100.202210260954/tools/bin/../lib/gcc/arm-none-eabi/10.3.1/thumb/v7e-m+fp/hard\libgcc.a(_arm_truncdfsf2.o)
                0x0000000008000974                __truncdfsf2
                0x0000000008000974                __aeabi_d2f
 .text          0x0000000008000a14       0x30 d:/applications/stm32cubeide_1.11.2/stm32cubeide/plugins/com.st.stm32cube.ide.mcu.externaltools.gnu-tools-for-stm32.10.3-2021.10.win32_1.0.100.202210260954/tools/bin/../lib/gcc/arm-none-eabi/10.3.1/thumb/v7e-m+fp/hard\libgcc.a(_aeabi_uldivmod.o)
                0x0000000008000a14                __aeabi_uldivmod
 .text          0x0000000008000a44      0x2d0 d:/applications/stm32cubeide_1.11.2/stm32cubeide/plugins/com.st.stm32cube.ide.mcu.externaltools.gnu-tools-for-stm32.10.3-2021.10.win32_1.0.100.202210260954/tools/bin/../lib/gcc/arm-none-eabi/10.3.1/thumb/v7e-m+fp/hard\libgcc.a(_udivmoddi4.o)
                0x0000000008000a44                __udivmoddi4
 .text          0x0000000008000d14        0x4 d:/applications/stm32cubeide_1.11.2/stm32cubeide/plugins/com.st.stm32cube.ide.mcu.externaltools.gnu-tools-for-stm32.10.3-2021.10.win32_1.0.100.202210260954/tools/bin/../lib/gcc/arm-none-eabi/10.3.1/thumb/v7e-m+fp/hard\libgcc.a(_dvmd_tls.o)
                0x0000000008000d14                __aeabi_idiv0
                0x0000000008000d14                __aeabi_ldiv0
 *(.text*)
 .text.a4utofloat
                0x0000000008000d18       0xbc ./Core/Src/main.o
                0x0000000008000d18                a4utofloat
 .text.get_PIDdata
                0x0000000008000dd4       0x54 ./Core/Src/main.o
                0x0000000008000dd4                get_PIDdata
 .text.main     0x0000000008000e28      0x1a0 ./Core/Src/main.o
                0x0000000008000e28                main
 .text.HAL_TIM_PeriodElapsedCallback
                0x0000000008000fc8       0x54 ./Core/Src/main.o
                0x0000000008000fc8                HAL_TIM_PeriodElapsedCallback
 .text.Error_Handler
                0x000000000800101c        0xa ./Core/Src/main.o
                0x000000000800101c                Error_Handler
 *fill*         0x0000000008001026        0x2 
 .text.HAL_MspInit
                0x0000000008001028       0x50 ./Core/Src/stm32f4xx_hal_msp.o
                0x0000000008001028                HAL_MspInit
 .text.HAL_TIM_Base_MspInit
                0x0000000008001078       0x78 ./Core/Src/stm32f4xx_hal_msp.o
                0x0000000008001078                HAL_TIM_Base_MspInit
 .text.HAL_TIM_Encoder_MspInit
                0x00000000080010f0       0x90 ./Core/Src/stm32f4xx_hal_msp.o
                0x00000000080010f0                HAL_TIM_Encoder_MspInit
 .text.HAL_TIM_MspPostInit
                0x0000000008001180       0xb4 ./Core/Src/stm32f4xx_hal_msp.o
                0x0000000008001180                HAL_TIM_MspPostInit
 .text.HAL_UART_MspInit
                0x0000000008001234      0x104 ./Core/Src/stm32f4xx_hal_msp.o
                0x0000000008001234                HAL_UART_MspInit
 .text.NMI_Handler
                0x0000000008001338        0x6 ./Core/Src/stm32f4xx_it.o
                0x0000000008001338                NMI_Handler
 .text.HardFault_Handler
                0x000000000800133e        0x6 ./Core/Src/stm32f4xx_it.o
                0x000000000800133e                HardFault_Handler
 .text.MemManage_Handler
                0x0000000008001344        0x6 ./Core/Src/stm32f4xx_it.o
                0x0000000008001344                MemManage_Handler
 .text.BusFault_Handler
                0x000000000800134a        0x6 ./Core/Src/stm32f4xx_it.o
                0x000000000800134a                BusFault_Handler
 .text.UsageFault_Handler
                0x0000000008001350        0x6 ./Core/Src/stm32f4xx_it.o
                0x0000000008001350                UsageFault_Handler
 .text.SVC_Handler
                0x0000000008001356        0xe ./Core/Src/stm32f4xx_it.o
                0x0000000008001356                SVC_Handler
 .text.DebugMon_Handler
                0x0000000008001364        0xe ./Core/Src/stm32f4xx_it.o
                0x0000000008001364                DebugMon_Handler
 .text.PendSV_Handler
                0x0000000008001372        0xe ./Core/Src/stm32f4xx_it.o
                0x0000000008001372                PendSV_Handler
 .text.SysTick_Handler
                0x0000000008001380        0xc ./Core/Src/stm32f4xx_it.o
                0x0000000008001380                SysTick_Handler
 .text.DMA1_Stream6_IRQHandler
                0x000000000800138c       0x14 ./Core/Src/stm32f4xx_it.o
                0x000000000800138c                DMA1_Stream6_IRQHandler
 .text.TIM2_IRQHandler
                0x00000000080013a0       0x14 ./Core/Src/stm32f4xx_it.o
                0x00000000080013a0                TIM2_IRQHandler
 .text.USART2_IRQHandler
                0x00000000080013b4       0x14 ./Core/Src/stm32f4xx_it.o
                0x00000000080013b4                USART2_IRQHandler
 .text.SystemInit
                0x00000000080013c8       0x24 ./Core/Src/system_stm32f4xx.o
                0x00000000080013c8                SystemInit
 .text.Reset_Handler
                0x00000000080013ec       0x50 ./Core/Startup/startup_stm32f411vetx.o
                0x00000000080013ec                Reset_Handler
 .text.Default_Handler
                0x000000000800143c        0x2 ./Core/Startup/startup_stm32f411vetx.o
                0x000000000800143c                RTC_Alarm_IRQHandler
                0x000000000800143c                EXTI2_IRQHandler
                0x000000000800143c                SPI4_IRQHandler
                0x000000000800143c                TIM1_CC_IRQHandler
                0x000000000800143c                DMA2_Stream5_IRQHandler
                0x000000000800143c                DMA1_Stream5_IRQHandler
                0x000000000800143c                PVD_IRQHandler
                0x000000000800143c                SDIO_IRQHandler
                0x000000000800143c                TAMP_STAMP_IRQHandler
                0x000000000800143c                EXTI3_IRQHandler
                0x000000000800143c                TIM1_UP_TIM10_IRQHandler
                0x000000000800143c                I2C3_ER_IRQHandler
                0x000000000800143c                EXTI0_IRQHandler
                0x000000000800143c                I2C2_EV_IRQHandler
                0x000000000800143c                DMA1_Stream2_IRQHandler
                0x000000000800143c                FPU_IRQHandler
                0x000000000800143c                DMA2_Stream2_IRQHandler
                0x000000000800143c                SPI1_IRQHandler
                0x000000000800143c                TIM1_BRK_TIM9_IRQHandler
                0x000000000800143c                DMA2_Stream3_IRQHandler
                0x000000000800143c                USART6_IRQHandler
                0x000000000800143c                DMA2_Stream0_IRQHandler
                0x000000000800143c                TIM4_IRQHandler
                0x000000000800143c                I2C1_EV_IRQHandler
                0x000000000800143c                DMA1_Stream1_IRQHandler
                0x000000000800143c                TIM3_IRQHandler
                0x000000000800143c                RCC_IRQHandler
                0x000000000800143c                Default_Handler
                0x000000000800143c                EXTI15_10_IRQHandler
                0x000000000800143c                ADC_IRQHandler
                0x000000000800143c                DMA1_Stream7_IRQHandler
                0x000000000800143c                SPI5_IRQHandler
                0x000000000800143c                TIM5_IRQHandler
                0x000000000800143c                DMA2_Stream7_IRQHandler
                0x000000000800143c                I2C3_EV_IRQHandler
                0x000000000800143c                EXTI9_5_IRQHandler
                0x000000000800143c                RTC_WKUP_IRQHandler
                0x000000000800143c                SPI2_IRQHandler
                0x000000000800143c                DMA1_Stream0_IRQHandler
                0x000000000800143c                EXTI4_IRQHandler
                0x000000000800143c                WWDG_IRQHandler
                0x000000000800143c                OTG_FS_WKUP_IRQHandler
                0x000000000800143c                TIM1_TRG_COM_TIM11_IRQHandler
                0x000000000800143c                EXTI1_IRQHandler
                0x000000000800143c                I2C2_ER_IRQHandler
                0x000000000800143c                DMA2_Stream1_IRQHandler
                0x000000000800143c                FLASH_IRQHandler
                0x000000000800143c                DMA2_Stream4_IRQHandler
                0x000000000800143c                USART1_IRQHandler
                0x000000000800143c                OTG_FS_IRQHandler
                0x000000000800143c                SPI3_IRQHandler
                0x000000000800143c                DMA1_Stream4_IRQHandler
                0x000000000800143c                I2C1_ER_IRQHandler
                0x000000000800143c                DMA2_Stream6_IRQHandler
                0x000000000800143c                DMA1_Stream3_IRQHandler
 *fill*         0x000000000800143e        0x2 
 .text.HAL_Init
                0x0000000008001440       0x44 ./Drivers/STM32F4xx_HAL_Driver/Src/stm32f4xx_hal.o
                0x0000000008001440                HAL_Init
 .text.HAL_InitTick
                0x0000000008001484       0x60 ./Drivers/STM32F4xx_HAL_Driver/Src/stm32f4xx_hal.o
                0x0000000008001484                HAL_InitTick
 .text.HAL_IncTick
                0x00000000080014e4       0x28 ./Drivers/STM32F4xx_HAL_Driver/Src/stm32f4xx_hal.o
                0x00000000080014e4                HAL_IncTick
 .text.HAL_GetTick
                0x000000000800150c       0x18 ./Drivers/STM32F4xx_HAL_Driver/Src/stm32f4xx_hal.o
                0x000000000800150c                HAL_GetTick
 .text.__NVIC_SetPriorityGrouping
                0x0000000008001524       0x48 ./Drivers/STM32F4xx_HAL_Driver/Src/stm32f4xx_hal_cortex.o
 .text.__NVIC_GetPriorityGrouping
                0x000000000800156c       0x1c ./Drivers/STM32F4xx_HAL_Driver/Src/stm32f4xx_hal_cortex.o
 .text.__NVIC_EnableIRQ
                0x0000000008001588       0x3c ./Drivers/STM32F4xx_HAL_Driver/Src/stm32f4xx_hal_cortex.o
 .text.__NVIC_SetPriority
                0x00000000080015c4       0x54 ./Drivers/STM32F4xx_HAL_Driver/Src/stm32f4xx_hal_cortex.o
 .text.NVIC_EncodePriority
                0x0000000008001618       0x66 ./Drivers/STM32F4xx_HAL_Driver/Src/stm32f4xx_hal_cortex.o
 *fill*         0x000000000800167e        0x2 
 .text.SysTick_Config
                0x0000000008001680       0x44 ./Drivers/STM32F4xx_HAL_Driver/Src/stm32f4xx_hal_cortex.o
 .text.HAL_NVIC_SetPriorityGrouping
                0x00000000080016c4       0x16 ./Drivers/STM32F4xx_HAL_Driver/Src/stm32f4xx_hal_cortex.o
                0x00000000080016c4                HAL_NVIC_SetPriorityGrouping
 .text.HAL_NVIC_SetPriority
                0x00000000080016da       0x38 ./Drivers/STM32F4xx_HAL_Driver/Src/stm32f4xx_hal_cortex.o
                0x00000000080016da                HAL_NVIC_SetPriority
 .text.HAL_NVIC_EnableIRQ
                0x0000000008001712       0x1c ./Drivers/STM32F4xx_HAL_Driver/Src/stm32f4xx_hal_cortex.o
                0x0000000008001712                HAL_NVIC_EnableIRQ
 .text.HAL_SYSTICK_Config
                0x000000000800172e       0x18 ./Drivers/STM32F4xx_HAL_Driver/Src/stm32f4xx_hal_cortex.o
                0x000000000800172e                HAL_SYSTICK_Config
 *fill*         0x0000000008001746        0x2 
 .text.HAL_DMA_Init
                0x0000000008001748      0x15c ./Drivers/STM32F4xx_HAL_Driver/Src/stm32f4xx_hal_dma.o
                0x0000000008001748                HAL_DMA_Init
 .text.HAL_DMA_Start_IT
                0x00000000080018a4       0xb0 ./Drivers/STM32F4xx_HAL_Driver/Src/stm32f4xx_hal_dma.o
                0x00000000080018a4                HAL_DMA_Start_IT
 .text.HAL_DMA_Abort
                0x0000000008001954       0xe0 ./Drivers/STM32F4xx_HAL_Driver/Src/stm32f4xx_hal_dma.o
                0x0000000008001954                HAL_DMA_Abort
 .text.HAL_DMA_Abort_IT
                0x0000000008001a34       0x44 ./Drivers/STM32F4xx_HAL_Driver/Src/stm32f4xx_hal_dma.o
                0x0000000008001a34                HAL_DMA_Abort_IT
 .text.HAL_DMA_IRQHandler
                0x0000000008001a78      0x314 ./Drivers/STM32F4xx_HAL_Driver/Src/stm32f4xx_hal_dma.o
                0x0000000008001a78                HAL_DMA_IRQHandler
 .text.DMA_SetConfig
                0x0000000008001d8c       0x5c ./Drivers/STM32F4xx_HAL_Driver/Src/stm32f4xx_hal_dma.o
 .text.DMA_CalcBaseAndBitshift
                0x0000000008001de8       0x6c ./Drivers/STM32F4xx_HAL_Driver/Src/stm32f4xx_hal_dma.o
 .text.DMA_CheckFifoParam
                0x0000000008001e54       0xf8 ./Drivers/STM32F4xx_HAL_Driver/Src/stm32f4xx_hal_dma.o
 .text.HAL_GPIO_Init
                0x0000000008001f4c      0x308 ./Drivers/STM32F4xx_HAL_Driver/Src/stm32f4xx_hal_gpio.o
                0x0000000008001f4c                HAL_GPIO_Init
 .text.HAL_GPIO_WritePin
                0x0000000008002254       0x32 ./Drivers/STM32F4xx_HAL_Driver/Src/stm32f4xx_hal_gpio.o
                0x0000000008002254                HAL_GPIO_WritePin
 *fill*         0x0000000008002286        0x2 
 .text.HAL_RCC_OscConfig
                0x0000000008002288      0x4f0 ./Drivers/STM32F4xx_HAL_Driver/Src/stm32f4xx_hal_rcc.o
                0x0000000008002288                HAL_RCC_OscConfig
 .text.HAL_RCC_ClockConfig
                0x0000000008002778      0x1cc ./Drivers/STM32F4xx_HAL_Driver/Src/stm32f4xx_hal_rcc.o
                0x0000000008002778                HAL_RCC_ClockConfig
 .text.HAL_RCC_GetSysClockFreq
                0x0000000008002944      0x20c ./Drivers/STM32F4xx_HAL_Driver/Src/stm32f4xx_hal_rcc.o
                0x0000000008002944                HAL_RCC_GetSysClockFreq
 .text.HAL_RCC_GetHCLKFreq
                0x0000000008002b50       0x18 ./Drivers/STM32F4xx_HAL_Driver/Src/stm32f4xx_hal_rcc.o
                0x0000000008002b50                HAL_RCC_GetHCLKFreq
 .text.HAL_RCC_GetPCLK1Freq
                0x0000000008002b68       0x28 ./Drivers/STM32F4xx_HAL_Driver/Src/stm32f4xx_hal_rcc.o
                0x0000000008002b68                HAL_RCC_GetPCLK1Freq
 .text.HAL_RCC_GetPCLK2Freq
                0x0000000008002b90       0x28 ./Drivers/STM32F4xx_HAL_Driver/Src/stm32f4xx_hal_rcc.o
                0x0000000008002b90                HAL_RCC_GetPCLK2Freq
 .text.HAL_TIM_Base_Init
                0x0000000008002bb8       0x9e ./Drivers/STM32F4xx_HAL_Driver/Src/stm32f4xx_hal_tim.o
                0x0000000008002bb8                HAL_TIM_Base_Init
 *fill*         0x0000000008002c56        0x2 
 .text.HAL_TIM_Base_Start_IT
                0x0000000008002c58       0xc4 ./Drivers/STM32F4xx_HAL_Driver/Src/stm32f4xx_hal_tim.o
                0x0000000008002c58                HAL_TIM_Base_Start_IT
 .text.HAL_TIM_PWM_Init
                0x0000000008002d1c       0x9e ./Drivers/STM32F4xx_HAL_Driver/Src/stm32f4xx_hal_tim.o
                0x0000000008002d1c                HAL_TIM_PWM_Init
 .text.HAL_TIM_PWM_MspInit
                0x0000000008002dba       0x14 ./Drivers/STM32F4xx_HAL_Driver/Src/stm32f4xx_hal_tim.o
                0x0000000008002dba                HAL_TIM_PWM_MspInit
 *fill*         0x0000000008002dce        0x2 
 .text.HAL_TIM_PWM_Start
                0x0000000008002dd0      0x160 ./Drivers/STM32F4xx_HAL_Driver/Src/stm32f4xx_hal_tim.o
                0x0000000008002dd0                HAL_TIM_PWM_Start
 .text.HAL_TIM_Encoder_Init
                0x0000000008002f30      0x14c ./Drivers/STM32F4xx_HAL_Driver/Src/stm32f4xx_hal_tim.o
                0x0000000008002f30                HAL_TIM_Encoder_Init
 .text.HAL_TIM_Encoder_Start
                0x000000000800307c      0x11c ./Drivers/STM32F4xx_HAL_Driver/Src/stm32f4xx_hal_tim.o
                0x000000000800307c                HAL_TIM_Encoder_Start
 .text.HAL_TIM_IRQHandler
                0x0000000008003198      0x210 ./Drivers/STM32F4xx_HAL_Driver/Src/stm32f4xx_hal_tim.o
                0x0000000008003198                HAL_TIM_IRQHandler
 .text.HAL_TIM_PWM_ConfigChannel
                0x00000000080033a8      0x184 ./Drivers/STM32F4xx_HAL_Driver/Src/stm32f4xx_hal_tim.o
                0x00000000080033a8                HAL_TIM_PWM_ConfigChannel
 .text.HAL_TIM_ConfigClockSource
                0x000000000800352c      0x18e ./Drivers/STM32F4xx_HAL_Driver/Src/stm32f4xx_hal_tim.o
                0x000000000800352c                HAL_TIM_ConfigClockSource
 .text.HAL_TIM_OC_DelayElapsedCallback
                0x00000000080036ba       0x14 ./Drivers/STM32F4xx_HAL_Driver/Src/stm32f4xx_hal_tim.o
                0x00000000080036ba                HAL_TIM_OC_DelayElapsedCallback
 .text.HAL_TIM_IC_CaptureCallback
                0x00000000080036ce       0x14 ./Drivers/STM32F4xx_HAL_Driver/Src/stm32f4xx_hal_tim.o
                0x00000000080036ce                HAL_TIM_IC_CaptureCallback
 .text.HAL_TIM_PWM_PulseFinishedCallback
                0x00000000080036e2       0x14 ./Drivers/STM32F4xx_HAL_Driver/Src/stm32f4xx_hal_tim.o
                0x00000000080036e2                HAL_TIM_PWM_PulseFinishedCallback
 .text.HAL_TIM_TriggerCallback
                0x00000000080036f6       0x14 ./Drivers/STM32F4xx_HAL_Driver/Src/stm32f4xx_hal_tim.o
                0x00000000080036f6                HAL_TIM_TriggerCallback
 *fill*         0x000000000800370a        0x2 
 .text.TIM_Base_SetConfig
                0x000000000800370c      0x100 ./Drivers/STM32F4xx_HAL_Driver/Src/stm32f4xx_hal_tim.o
                0x000000000800370c                TIM_Base_SetConfig
 .text.TIM_OC1_SetConfig
                0x000000000800380c       0xcc ./Drivers/STM32F4xx_HAL_Driver/Src/stm32f4xx_hal_tim.o
 .text.TIM_OC2_SetConfig
                0x00000000080038d8       0xd8 ./Drivers/STM32F4xx_HAL_Driver/Src/stm32f4xx_hal_tim.o
                0x00000000080038d8                TIM_OC2_SetConfig
 .text.TIM_OC3_SetConfig
                0x00000000080039b0       0xd4 ./Drivers/STM32F4xx_HAL_Driver/Src/stm32f4xx_hal_tim.o
 .text.TIM_OC4_SetConfig
                0x0000000008003a84       0xa0 ./Drivers/STM32F4xx_HAL_Driver/Src/stm32f4xx_hal_tim.o
 .text.TIM_TI1_ConfigInputStage
                0x0000000008003b24       0x5e ./Drivers/STM32F4xx_HAL_Driver/Src/stm32f4xx_hal_tim.o
 .text.TIM_TI2_ConfigInputStage
                0x0000000008003b82       0x60 ./Drivers/STM32F4xx_HAL_Driver/Src/stm32f4xx_hal_tim.o
 .text.TIM_ITRx_SetConfig
                0x0000000008003be2       0x36 ./Drivers/STM32F4xx_HAL_Driver/Src/stm32f4xx_hal_tim.o
 .text.TIM_ETR_SetConfig
                0x0000000008003c18       0x40 ./Drivers/STM32F4xx_HAL_Driver/Src/stm32f4xx_hal_tim.o
                0x0000000008003c18                TIM_ETR_SetConfig
 .text.TIM_CCxChannelCmd
                0x0000000008003c58       0x4a ./Drivers/STM32F4xx_HAL_Driver/Src/stm32f4xx_hal_tim.o
                0x0000000008003c58                TIM_CCxChannelCmd
 *fill*         0x0000000008003ca2        0x2 
 .text.HAL_TIMEx_MasterConfigSynchronization
                0x0000000008003ca4       0xdc ./Drivers/STM32F4xx_HAL_Driver/Src/stm32f4xx_hal_tim_ex.o
                0x0000000008003ca4                HAL_TIMEx_MasterConfigSynchronization
 .text.HAL_TIMEx_CommutCallback
                0x0000000008003d80       0x14 ./Drivers/STM32F4xx_HAL_Driver/Src/stm32f4xx_hal_tim_ex.o
                0x0000000008003d80                HAL_TIMEx_CommutCallback
 .text.HAL_TIMEx_BreakCallback
                0x0000000008003d94       0x14 ./Drivers/STM32F4xx_HAL_Driver/Src/stm32f4xx_hal_tim_ex.o
                0x0000000008003d94                HAL_TIMEx_BreakCallback
 .text.HAL_UART_Init
                0x0000000008003da8       0x9a ./Drivers/STM32F4xx_HAL_Driver/Src/stm32f4xx_hal_uart.o
                0x0000000008003da8                HAL_UART_Init
 .text.HAL_UART_Receive_IT
                0x0000000008003e42       0x60 ./Drivers/STM32F4xx_HAL_Driver/Src/stm32f4xx_hal_uart.o
                0x0000000008003e42                HAL_UART_Receive_IT
 *fill*         0x0000000008003ea2        0x2 
 .text.HAL_UART_Transmit_DMA
                0x0000000008003ea4       0xfc ./Drivers/STM32F4xx_HAL_Driver/Src/stm32f4xx_hal_uart.o
                0x0000000008003ea4                HAL_UART_Transmit_DMA
 .text.HAL_UART_IRQHandler
                0x0000000008003fa0      0x51c ./Drivers/STM32F4xx_HAL_Driver/Src/stm32f4xx_hal_uart.o
                0x0000000008003fa0                HAL_UART_IRQHandler
 .text.HAL_UART_TxHalfCpltCallback
                0x00000000080044bc       0x14 ./Drivers/STM32F4xx_HAL_Driver/Src/stm32f4xx_hal_uart.o
                0x00000000080044bc                HAL_UART_TxHalfCpltCallback
 .text.HAL_UART_ErrorCallback
                0x00000000080044d0       0x14 ./Drivers/STM32F4xx_HAL_Driver/Src/stm32f4xx_hal_uart.o
                0x00000000080044d0                HAL_UART_ErrorCallback
 .text.HAL_UARTEx_RxEventCallback
                0x00000000080044e4       0x18 ./Drivers/STM32F4xx_HAL_Driver/Src/stm32f4xx_hal_uart.o
                0x00000000080044e4                HAL_UARTEx_RxEventCallback
 .text.UART_DMATransmitCplt
                0x00000000080044fc       0x9a ./Drivers/STM32F4xx_HAL_Driver/Src/stm32f4xx_hal_uart.o
 .text.UART_DMATxHalfCplt
                0x0000000008004596       0x1c ./Drivers/STM32F4xx_HAL_Driver/Src/stm32f4xx_hal_uart.o
 .text.UART_DMAError
                0x00000000080045b2       0x94 ./Drivers/STM32F4xx_HAL_Driver/Src/stm32f4xx_hal_uart.o
 .text.UART_Start_Receive_IT
                0x0000000008004646       0x7c ./Drivers/STM32F4xx_HAL_Driver/Src/stm32f4xx_hal_uart.o
                0x0000000008004646                UART_Start_Receive_IT
 .text.UART_EndTxTransfer
                0x00000000080046c2       0x50 ./Drivers/STM32F4xx_HAL_Driver/Src/stm32f4xx_hal_uart.o
 .text.UART_EndRxTransfer
                0x0000000008004712       0xc6 ./Drivers/STM32F4xx_HAL_Driver/Src/stm32f4xx_hal_uart.o
 .text.UART_DMAAbortOnError
                0x00000000080047d8       0x28 ./Drivers/STM32F4xx_HAL_Driver/Src/stm32f4xx_hal_uart.o
 .text.UART_Transmit_IT
                0x0000000008004800       0xa0 ./Drivers/STM32F4xx_HAL_Driver/Src/stm32f4xx_hal_uart.o
 .text.UART_EndTransmit_IT
                0x00000000080048a0       0x30 ./Drivers/STM32F4xx_HAL_Driver/Src/stm32f4xx_hal_uart.o
 .text.UART_Receive_IT
                0x00000000080048d0      0x176 ./Drivers/STM32F4xx_HAL_Driver/Src/stm32f4xx_hal_uart.o
 *fill*         0x0000000008004a46        0x2 
 .text.UART_SetConfig
                0x0000000008004a48      0x4e8 ./Drivers/STM32F4xx_HAL_Driver/Src/stm32f4xx_hal_uart.o
 .text.SystemClock_Config
                0x0000000008004f30       0xd0 ./Users/Src/clock.o
                0x0000000008004f30                SystemClock_Config
 .text.MX_GPIO_Init
                0x0000000008005000       0xa0 ./Users/Src/gpio.o
                0x0000000008005000                MX_GPIO_Init
 .text.MX_DMA_Init
                0x00000000080050a0       0x40 ./Users/Src/gpio.o
                0x00000000080050a0                MX_DMA_Init
 .text.MotorInit
                0x00000000080050e0       0x5c ./Users/Src/motor.o
                0x00000000080050e0                MotorInit
 .text.MotorTuning
                0x000000000800513c       0xe4 ./Users/Src/motor.o
                0x000000000800513c                MotorTuning
 .text.MotorStop
                0x0000000008005220       0x24 ./Users/Src/motor.o
                0x0000000008005220                MotorStop
 .text.MotorSetDuty
                0x0000000008005244       0x5c ./Users/Src/motor.o
                0x0000000008005244                MotorSetDuty
 .text.ConvertDegToPulse
                0x00000000080052a0       0x4c ./Users/Src/motor.o
                0x00000000080052a0                ConvertDegToPulse
 .text.ConvertPulseToDeg
                0x00000000080052ec       0x4c ./Users/Src/motor.o
                0x00000000080052ec                ConvertPulseToDeg
 .text.MotorGetPulse
                0x0000000008005338       0x24 ./Users/Src/motor.o
                0x0000000008005338                MotorGetPulse
 .text.PIDReset
                0x000000000800535c       0x34 ./Users/Src/pid.o
                0x000000000800535c                PIDReset
 .text.PIDInit  0x0000000008005390       0x44 ./Users/Src/pid.o
                0x0000000008005390                PIDInit
 .text.PIDCompute
                0x00000000080053d4       0xe4 ./Users/Src/pid.o
                0x00000000080053d4                PIDCompute
 .text.MX_TIM2_Init
                0x00000000080054b8       0x98 ./Users/Src/tim.o
                0x00000000080054b8                MX_TIM2_Init
 .text.MX_TIM3_Init
                0x0000000008005550      0x104 ./Users/Src/tim.o
                0x0000000008005550                MX_TIM3_Init
 .text.MX_TIM4_Init
                0x0000000008005654       0xa8 ./Users/Src/tim.o
                0x0000000008005654                MX_TIM4_Init
 .text.HAL_UART_RxCpltCallback
                0x00000000080056fc       0x30 ./Users/Src/usart.o
                0x00000000080056fc                HAL_UART_RxCpltCallback
 .text.HAL_UART_TxCpltCallback
                0x000000000800572c       0x14 ./Users/Src/usart.o
                0x000000000800572c                HAL_UART_TxCpltCallback
 .text.StrCompare
                0x0000000008005740       0x48 ./Users/Src/usart.o
                0x0000000008005740                StrCompare
 .text.UsartReceiveIT
                0x0000000008005788       0x1c ./Users/Src/usart.o
                0x0000000008005788                UsartReceiveIT
 .text.UsartReadComm
                0x00000000080057a4       0x80 ./Users/Src/usart.o
                0x00000000080057a4                UsartReadComm
 .text.MX_USART2_UART_Init
                0x0000000008005824       0x54 ./Users/Src/usart.o
                0x0000000008005824                MX_USART2_UART_Init
 .text.__libc_init_array
                0x0000000008005878       0x48 d:/applications/stm32cubeide_1.11.2/stm32cubeide/plugins/com.st.stm32cube.ide.mcu.externaltools.gnu-tools-for-stm32.10.3-2021.10.win32_1.0.100.202210260954/tools/bin/../lib/gcc/arm-none-eabi/10.3.1/../../../../arm-none-eabi/lib/thumb/v7e-m+fp/hard\libc_nano.a(lib_a-init.o)
                0x0000000008005878                __libc_init_array
 .text.memset   0x00000000080058c0       0x10 d:/applications/stm32cubeide_1.11.2/stm32cubeide/plugins/com.st.stm32cube.ide.mcu.externaltools.gnu-tools-for-stm32.10.3-2021.10.win32_1.0.100.202210260954/tools/bin/../lib/gcc/arm-none-eabi/10.3.1/../../../../arm-none-eabi/lib/thumb/v7e-m+fp/hard\libc_nano.a(lib_a-memset.o)
                0x00000000080058c0                memset
 *(.glue_7)
 .glue_7        0x00000000080058d0        0x0 linker stubs
 *(.glue_7t)
 .glue_7t       0x00000000080058d0        0x0 linker stubs
 *(.eh_frame)
 .eh_frame      0x00000000080058d0        0x0 d:/applications/stm32cubeide_1.11.2/stm32cubeide/plugins/com.st.stm32cube.ide.mcu.externaltools.gnu-tools-for-stm32.10.3-2021.10.win32_1.0.100.202210260954/tools/bin/../lib/gcc/arm-none-eabi/10.3.1/thumb/v7e-m+fp/hard/crtbegin.o
 *(.init)
 .init          0x00000000080058d0        0x4 d:/applications/stm32cubeide_1.11.2/stm32cubeide/plugins/com.st.stm32cube.ide.mcu.externaltools.gnu-tools-for-stm32.10.3-2021.10.win32_1.0.100.202210260954/tools/bin/../lib/gcc/arm-none-eabi/10.3.1/thumb/v7e-m+fp/hard/crti.o
                0x00000000080058d0                _init
 .init          0x00000000080058d4        0x8 d:/applications/stm32cubeide_1.11.2/stm32cubeide/plugins/com.st.stm32cube.ide.mcu.externaltools.gnu-tools-for-stm32.10.3-2021.10.win32_1.0.100.202210260954/tools/bin/../lib/gcc/arm-none-eabi/10.3.1/thumb/v7e-m+fp/hard/crtn.o
 *(.fini)
 .fini          0x00000000080058dc        0x4 d:/applications/stm32cubeide_1.11.2/stm32cubeide/plugins/com.st.stm32cube.ide.mcu.externaltools.gnu-tools-for-stm32.10.3-2021.10.win32_1.0.100.202210260954/tools/bin/../lib/gcc/arm-none-eabi/10.3.1/thumb/v7e-m+fp/hard/crti.o
                0x00000000080058dc                _fini
 .fini          0x00000000080058e0        0x8 d:/applications/stm32cubeide_1.11.2/stm32cubeide/plugins/com.st.stm32cube.ide.mcu.externaltools.gnu-tools-for-stm32.10.3-2021.10.win32_1.0.100.202210260954/tools/bin/../lib/gcc/arm-none-eabi/10.3.1/thumb/v7e-m+fp/hard/crtn.o
                0x00000000080058e8                . = ALIGN (0x4)
                0x00000000080058e8                _etext = .

.vfp11_veneer   0x00000000080058e8        0x0
 .vfp11_veneer  0x00000000080058e8        0x0 linker stubs

.v4_bx          0x00000000080058e8        0x0
 .v4_bx         0x00000000080058e8        0x0 linker stubs

.iplt           0x00000000080058e8        0x0
 .iplt          0x00000000080058e8        0x0 d:/applications/stm32cubeide_1.11.2/stm32cubeide/plugins/com.st.stm32cube.ide.mcu.externaltools.gnu-tools-for-stm32.10.3-2021.10.win32_1.0.100.202210260954/tools/bin/../lib/gcc/arm-none-eabi/10.3.1/thumb/v7e-m+fp/hard/crtbegin.o

.rodata         0x00000000080058e8       0x38
                0x00000000080058e8                . = ALIGN (0x4)
 *(.rodata)
 .rodata        0x00000000080058e8       0x15 ./Core/Src/main.o
 *(.rodata*)
 *fill*         0x00000000080058fd        0x3 
 .rodata.AHBPrescTable
                0x0000000008005900       0x10 ./Core/Src/system_stm32f4xx.o
                0x0000000008005900                AHBPrescTable
 .rodata.APBPrescTable
                0x0000000008005910        0x8 ./Core/Src/system_stm32f4xx.o
                0x0000000008005910                APBPrescTable
 .rodata.flagBitshiftOffset.0
                0x0000000008005918        0x8 ./Drivers/STM32F4xx_HAL_Driver/Src/stm32f4xx_hal_dma.o
                0x0000000008005920                . = ALIGN (0x4)

.ARM.extab      0x0000000008005920        0x0
                0x0000000008005920                . = ALIGN (0x4)
 *(.ARM.extab* .gnu.linkonce.armextab.*)
                0x0000000008005920                . = ALIGN (0x4)

.ARM            0x0000000008005920        0x8
                0x0000000008005920                . = ALIGN (0x4)
                0x0000000008005920                __exidx_start = .
 *(.ARM.exidx*)
 .ARM.exidx     0x0000000008005920        0x8 d:/applications/stm32cubeide_1.11.2/stm32cubeide/plugins/com.st.stm32cube.ide.mcu.externaltools.gnu-tools-for-stm32.10.3-2021.10.win32_1.0.100.202210260954/tools/bin/../lib/gcc/arm-none-eabi/10.3.1/thumb/v7e-m+fp/hard\libgcc.a(_udivmoddi4.o)
                0x0000000008005928                __exidx_end = .
                0x0000000008005928                . = ALIGN (0x4)

.rel.dyn        0x0000000008005928        0x0
 .rel.iplt      0x0000000008005928        0x0 d:/applications/stm32cubeide_1.11.2/stm32cubeide/plugins/com.st.stm32cube.ide.mcu.externaltools.gnu-tools-for-stm32.10.3-2021.10.win32_1.0.100.202210260954/tools/bin/../lib/gcc/arm-none-eabi/10.3.1/thumb/v7e-m+fp/hard/crtbegin.o

.preinit_array  0x0000000008005928        0x0
                0x0000000008005928                . = ALIGN (0x4)
                0x0000000008005928                PROVIDE (__preinit_array_start = .)
 *(.preinit_array*)
                0x0000000008005928                PROVIDE (__preinit_array_end = .)
                0x0000000008005928                . = ALIGN (0x4)

.init_array     0x0000000008005928        0x4
                0x0000000008005928                . = ALIGN (0x4)
                0x0000000008005928                PROVIDE (__init_array_start = .)
 *(SORT_BY_NAME(.init_array.*))
 *(.init_array*)
 .init_array    0x0000000008005928        0x4 d:/applications/stm32cubeide_1.11.2/stm32cubeide/plugins/com.st.stm32cube.ide.mcu.externaltools.gnu-tools-for-stm32.10.3-2021.10.win32_1.0.100.202210260954/tools/bin/../lib/gcc/arm-none-eabi/10.3.1/thumb/v7e-m+fp/hard/crtbegin.o
                0x000000000800592c                PROVIDE (__init_array_end = .)
                0x000000000800592c                . = ALIGN (0x4)

.fini_array     0x000000000800592c        0x4
                0x000000000800592c                . = ALIGN (0x4)
                [!provide]                        PROVIDE (__fini_array_start = .)
 *(SORT_BY_NAME(.fini_array.*))
 *(.fini_array*)
 .fini_array    0x000000000800592c        0x4 d:/applications/stm32cubeide_1.11.2/stm32cubeide/plugins/com.st.stm32cube.ide.mcu.externaltools.gnu-tools-for-stm32.10.3-2021.10.win32_1.0.100.202210260954/tools/bin/../lib/gcc/arm-none-eabi/10.3.1/thumb/v7e-m+fp/hard/crtbegin.o
                [!provide]                        PROVIDE (__fini_array_end = .)
                0x0000000008005930                . = ALIGN (0x4)
                0x0000000008005930                _sidata = LOADADDR (.data)

.data           0x0000000020000000       0x18 load address 0x0000000008005930
                0x0000000020000000                . = ALIGN (0x4)
                0x0000000020000000                _sdata = .
 *(.data)
 *(.data*)
 .data.stateProcess
                0x0000000020000000        0x1 ./Core/Src/main.o
                0x0000000020000000                stateProcess
 *fill*         0x0000000020000001        0x3 
 .data.SystemCoreClock
                0x0000000020000004        0x4 ./Core/Src/system_stm32f4xx.o
                0x0000000020000004                SystemCoreClock
 .data.uwTickPrio
                0x0000000020000008        0x4 ./Drivers/STM32F4xx_HAL_Driver/Src/stm32f4xx_hal.o
                0x0000000020000008                uwTickPrio
 .data.uwTickFreq
                0x000000002000000c        0x1 ./Drivers/STM32F4xx_HAL_Driver/Src/stm32f4xx_hal.o
                0x000000002000000c                uwTickFreq
 *fill*         0x000000002000000d        0x3 
 .data.STX      0x0000000020000010        0x1 ./Users/Src/usart.o
                0x0000000020000010                STX
 *fill*         0x0000000020000011        0x3 
 .data.ETX      0x0000000020000014        0x1 ./Users/Src/usart.o
                0x0000000020000014                ETX
 *(.RamFunc)
 *(.RamFunc*)
                0x0000000020000018                . = ALIGN (0x4)
 *fill*         0x0000000020000015        0x3 
                0x0000000020000018                _edata = .

.igot.plt       0x0000000020000018        0x0 load address 0x0000000008005948
 .igot.plt      0x0000000020000018        0x0 d:/applications/stm32cubeide_1.11.2/stm32cubeide/plugins/com.st.stm32cube.ide.mcu.externaltools.gnu-tools-for-stm32.10.3-2021.10.win32_1.0.100.202210260954/tools/bin/../lib/gcc/arm-none-eabi/10.3.1/thumb/v7e-m+fp/hard/crtbegin.o
                0x0000000020000018                . = ALIGN (0x4)

.bss            0x0000000020000018      0xce0 load address 0x0000000008005948
                0x0000000020000018                _sbss = .
                0x0000000020000018                __bss_start__ = _sbss
 *(.bss)
 .bss           0x0000000020000018       0x1c d:/applications/stm32cubeide_1.11.2/stm32cubeide/plugins/com.st.stm32cube.ide.mcu.externaltools.gnu-tools-for-stm32.10.3-2021.10.win32_1.0.100.202210260954/tools/bin/../lib/gcc/arm-none-eabi/10.3.1/thumb/v7e-m+fp/hard/crtbegin.o
 *(.bss*)
 .bss.htim2     0x0000000020000034       0x48 ./Core/Src/main.o
                0x0000000020000034                htim2
 .bss.htim3     0x000000002000007c       0x48 ./Core/Src/main.o
                0x000000002000007c                htim3
 .bss.htim4     0x00000000200000c4       0x48 ./Core/Src/main.o
                0x00000000200000c4                htim4
 .bss.huart2    0x000000002000010c       0x44 ./Core/Src/main.o
                0x000000002000010c                huart2
 .bss.hdma_usart2_tx
                0x0000000020000150       0x60 ./Core/Src/main.o
                0x0000000020000150                hdma_usart2_tx
 .bss.tunData   0x00000000200001b0      0x190 ./Core/Src/main.o
                0x00000000200001b0                tunData
 .bss.uwTick    0x0000000020000340        0x4 ./Drivers/STM32F4xx_HAL_Driver/Src/stm32f4xx_hal.o
                0x0000000020000340                uwTick
 .bss.g_mDutyCycle
                0x0000000020000344        0x4 ./Users/Src/motor.o
                0x0000000020000344                g_mDutyCycle
 .bss.g_mActPulse
                0x0000000020000348        0x2 ./Users/Src/motor.o
                0x0000000020000348                g_mActPulse
 .bss.g_mCmdPulse
                0x000000002000034a        0x2 ./Users/Src/motor.o
                0x000000002000034a                g_mCmdPulse
 .bss.g_mIndex  0x000000002000034c        0x2 ./Users/Src/motor.o
                0x000000002000034c                g_mIndex
 *fill*         0x000000002000034e        0x2 
 .bss.pPIDError
                0x0000000020000350        0x4 ./Users/Src/pid.o
                0x0000000020000350                pPIDError
 .bss.PIDControl
                0x0000000020000354      0x974 ./Users/Src/pid.o
                0x0000000020000354                PIDControl
 .bss.uRxBuff   0x0000000020000cc8       0x15 ./Users/Src/usart.o
                0x0000000020000cc8                uRxBuff
 *fill*         0x0000000020000cdd        0x3 
 .bss.uCommand  0x0000000020000ce0        0x4 ./Users/Src/usart.o
                0x0000000020000ce0                uCommand
 .bss.uOption   0x0000000020000ce4        0x3 ./Users/Src/usart.o
                0x0000000020000ce4                uOption
 *fill*         0x0000000020000ce7        0x1 
 .bss.uData     0x0000000020000ce8        0xc ./Users/Src/usart.o
                0x0000000020000ce8                uData
 .bss.uDataAvailable
                0x0000000020000cf4        0x1 ./Users/Src/usart.o
                0x0000000020000cf4                uDataAvailable
 *(COMMON)
                0x0000000020000cf8                . = ALIGN (0x4)
 *fill*         0x0000000020000cf5        0x3 
                0x0000000020000cf8                _ebss = .
                0x0000000020000cf8                __bss_end__ = _ebss

._user_heap_stack
                0x0000000020000cf8      0x600 load address 0x0000000008005948
                0x0000000020000cf8                . = ALIGN (0x8)
                [!provide]                        PROVIDE (end = .)
                0x0000000020000cf8                PROVIDE (_end = .)
                0x0000000020000ef8                . = (. + _Min_Heap_Size)
 *fill*         0x0000000020000cf8      0x200 
                0x00000000200012f8                . = (. + _Min_Stack_Size)
 *fill*         0x0000000020000ef8      0x400 
                0x00000000200012f8                . = ALIGN (0x8)

/DISCARD/
 libc.a(*)
 libm.a(*)
 libgcc.a(*)

.ARM.attributes
                0x0000000000000000       0x30
 *(.ARM.attributes)
 .ARM.attributes
                0x0000000000000000       0x1e d:/applications/stm32cubeide_1.11.2/stm32cubeide/plugins/com.st.stm32cube.ide.mcu.externaltools.gnu-tools-for-stm32.10.3-2021.10.win32_1.0.100.202210260954/tools/bin/../lib/gcc/arm-none-eabi/10.3.1/thumb/v7e-m+fp/hard/crti.o
 .ARM.attributes
                0x000000000000001e       0x34 d:/applications/stm32cubeide_1.11.2/stm32cubeide/plugins/com.st.stm32cube.ide.mcu.externaltools.gnu-tools-for-stm32.10.3-2021.10.win32_1.0.100.202210260954/tools/bin/../lib/gcc/arm-none-eabi/10.3.1/thumb/v7e-m+fp/hard/crtbegin.o
 .ARM.attributes
                0x0000000000000052       0x34 ./Core/Src/main.o
 .ARM.attributes
                0x0000000000000086       0x34 ./Core/Src/stm32f4xx_hal_msp.o
 .ARM.attributes
                0x00000000000000ba       0x34 ./Core/Src/stm32f4xx_it.o
 .ARM.attributes
                0x00000000000000ee       0x34 ./Core/Src/system_stm32f4xx.o
 .ARM.attributes
                0x0000000000000122       0x21 ./Core/Startup/startup_stm32f411vetx.o
 .ARM.attributes
                0x0000000000000143       0x34 ./Drivers/STM32F4xx_HAL_Driver/Src/stm32f4xx_hal.o
 .ARM.attributes
                0x0000000000000177       0x34 ./Drivers/STM32F4xx_HAL_Driver/Src/stm32f4xx_hal_cortex.o
 .ARM.attributes
                0x00000000000001ab       0x34 ./Drivers/STM32F4xx_HAL_Driver/Src/stm32f4xx_hal_dma.o
 .ARM.attributes
                0x00000000000001df       0x34 ./Drivers/STM32F4xx_HAL_Driver/Src/stm32f4xx_hal_gpio.o
 .ARM.attributes
                0x0000000000000213       0x34 ./Drivers/STM32F4xx_HAL_Driver/Src/stm32f4xx_hal_rcc.o
 .ARM.attributes
                0x0000000000000247       0x34 ./Drivers/STM32F4xx_HAL_Driver/Src/stm32f4xx_hal_tim.o
 .ARM.attributes
                0x000000000000027b       0x34 ./Drivers/STM32F4xx_HAL_Driver/Src/stm32f4xx_hal_tim_ex.o
 .ARM.attributes
                0x00000000000002af       0x34 ./Drivers/STM32F4xx_HAL_Driver/Src/stm32f4xx_hal_uart.o
 .ARM.attributes
                0x00000000000002e3       0x34 ./Users/Src/clock.o
 .ARM.attributes
                0x0000000000000317       0x34 ./Users/Src/gpio.o
 .ARM.attributes
                0x000000000000034b       0x34 ./Users/Src/motor.o
 .ARM.attributes
                0x000000000000037f       0x34 ./Users/Src/pid.o
 .ARM.attributes
                0x00000000000003b3       0x34 ./Users/Src/tim.o
 .ARM.attributes
                0x00000000000003e7       0x34 ./Users/Src/usart.o
 .ARM.attributes
                0x000000000000041b       0x34 d:/applications/stm32cubeide_1.11.2/stm32cubeide/plugins/com.st.stm32cube.ide.mcu.externaltools.gnu-tools-for-stm32.10.3-2021.10.win32_1.0.100.202210260954/tools/bin/../lib/gcc/arm-none-eabi/10.3.1/../../../../arm-none-eabi/lib/thumb/v7e-m+fp/hard\libc_nano.a(lib_a-init.o)
 .ARM.attributes
                0x000000000000044f       0x34 d:/applications/stm32cubeide_1.11.2/stm32cubeide/plugins/com.st.stm32cube.ide.mcu.externaltools.gnu-tools-for-stm32.10.3-2021.10.win32_1.0.100.202210260954/tools/bin/../lib/gcc/arm-none-eabi/10.3.1/../../../../arm-none-eabi/lib/thumb/v7e-m+fp/hard\libc_nano.a(lib_a-memset.o)
 .ARM.attributes
                0x0000000000000483       0x1e d:/applications/stm32cubeide_1.11.2/stm32cubeide/plugins/com.st.stm32cube.ide.mcu.externaltools.gnu-tools-for-stm32.10.3-2021.10.win32_1.0.100.202210260954/tools/bin/../lib/gcc/arm-none-eabi/10.3.1/thumb/v7e-m+fp/hard\libgcc.a(_arm_addsubdf3.o)
 .ARM.attributes
                0x00000000000004a1       0x1e d:/applications/stm32cubeide_1.11.2/stm32cubeide/plugins/com.st.stm32cube.ide.mcu.externaltools.gnu-tools-for-stm32.10.3-2021.10.win32_1.0.100.202210260954/tools/bin/../lib/gcc/arm-none-eabi/10.3.1/thumb/v7e-m+fp/hard\libgcc.a(_arm_muldivdf3.o)
 .ARM.attributes
                0x00000000000004bf       0x1e d:/applications/stm32cubeide_1.11.2/stm32cubeide/plugins/com.st.stm32cube.ide.mcu.externaltools.gnu-tools-for-stm32.10.3-2021.10.win32_1.0.100.202210260954/tools/bin/../lib/gcc/arm-none-eabi/10.3.1/thumb/v7e-m+fp/hard\libgcc.a(_arm_truncdfsf2.o)
 .ARM.attributes
                0x00000000000004dd       0x1e d:/applications/stm32cubeide_1.11.2/stm32cubeide/plugins/com.st.stm32cube.ide.mcu.externaltools.gnu-tools-for-stm32.10.3-2021.10.win32_1.0.100.202210260954/tools/bin/../lib/gcc/arm-none-eabi/10.3.1/thumb/v7e-m+fp/hard\libgcc.a(_aeabi_uldivmod.o)
 .ARM.attributes
                0x00000000000004fb       0x34 d:/applications/stm32cubeide_1.11.2/stm32cubeide/plugins/com.st.stm32cube.ide.mcu.externaltools.gnu-tools-for-stm32.10.3-2021.10.win32_1.0.100.202210260954/tools/bin/../lib/gcc/arm-none-eabi/10.3.1/thumb/v7e-m+fp/hard\libgcc.a(_udivmoddi4.o)
 .ARM.attributes
                0x000000000000052f       0x1e d:/applications/stm32cubeide_1.11.2/stm32cubeide/plugins/com.st.stm32cube.ide.mcu.externaltools.gnu-tools-for-stm32.10.3-2021.10.win32_1.0.100.202210260954/tools/bin/../lib/gcc/arm-none-eabi/10.3.1/thumb/v7e-m+fp/hard\libgcc.a(_dvmd_tls.o)
 .ARM.attributes
                0x000000000000054d       0x1e d:/applications/stm32cubeide_1.11.2/stm32cubeide/plugins/com.st.stm32cube.ide.mcu.externaltools.gnu-tools-for-stm32.10.3-2021.10.win32_1.0.100.202210260954/tools/bin/../lib/gcc/arm-none-eabi/10.3.1/thumb/v7e-m+fp/hard/crtn.o
OUTPUT(MOTOR.elf elf32-littlearm)
LOAD linker stubs
LOAD d:/applications/stm32cubeide_1.11.2/stm32cubeide/plugins/com.st.stm32cube.ide.mcu.externaltools.gnu-tools-for-stm32.10.3-2021.10.win32_1.0.100.202210260954/tools/bin/../lib/gcc/arm-none-eabi/10.3.1/../../../../arm-none-eabi/lib/thumb/v7e-m+fp/hard\libc.a
LOAD d:/applications/stm32cubeide_1.11.2/stm32cubeide/plugins/com.st.stm32cube.ide.mcu.externaltools.gnu-tools-for-stm32.10.3-2021.10.win32_1.0.100.202210260954/tools/bin/../lib/gcc/arm-none-eabi/10.3.1/../../../../arm-none-eabi/lib/thumb/v7e-m+fp/hard\libm.a
LOAD d:/applications/stm32cubeide_1.11.2/stm32cubeide/plugins/com.st.stm32cube.ide.mcu.externaltools.gnu-tools-for-stm32.10.3-2021.10.win32_1.0.100.202210260954/tools/bin/../lib/gcc/arm-none-eabi/10.3.1/thumb/v7e-m+fp/hard\libgcc.a

.debug_info     0x0000000000000000    0x1015b
 .debug_info    0x0000000000000000      0xd1c ./Core/Src/main.o
 .debug_info    0x0000000000000d1c     0x10b7 ./Core/Src/stm32f4xx_hal_msp.o
 .debug_info    0x0000000000001dd3      0xa09 ./Core/Src/stm32f4xx_it.o
 .debug_info    0x00000000000027dc      0x54f ./Core/Src/system_stm32f4xx.o
 .debug_info    0x0000000000002d2b       0x22 ./Core/Startup/startup_stm32f411vetx.o
 .debug_info    0x0000000000002d4d      0x90d ./Drivers/STM32F4xx_HAL_Driver/Src/stm32f4xx_hal.o
 .debug_info    0x000000000000365a      0xd8b ./Drivers/STM32F4xx_HAL_Driver/Src/stm32f4xx_hal_cortex.o
 .debug_info    0x00000000000043e5      0x947 ./Drivers/STM32F4xx_HAL_Driver/Src/stm32f4xx_hal_dma.o
 .debug_info    0x0000000000004d2c      0x78e ./Drivers/STM32F4xx_HAL_Driver/Src/stm32f4xx_hal_gpio.o
 .debug_info    0x00000000000054ba      0x98d ./Drivers/STM32F4xx_HAL_Driver/Src/stm32f4xx_hal_rcc.o
 .debug_info    0x0000000000005e47     0x2bb6 ./Drivers/STM32F4xx_HAL_Driver/Src/stm32f4xx_hal_tim.o
 .debug_info    0x00000000000089fd     0x15d8 ./Drivers/STM32F4xx_HAL_Driver/Src/stm32f4xx_hal_tim_ex.o
 .debug_info    0x0000000000009fd5     0x31b4 ./Drivers/STM32F4xx_HAL_Driver/Src/stm32f4xx_hal_uart.o
 .debug_info    0x000000000000d189      0x4e6 ./Users/Src/clock.o
 .debug_info    0x000000000000d66f      0x681 ./Users/Src/gpio.o
 .debug_info    0x000000000000dcf0      0x9be ./Users/Src/motor.o
 .debug_info    0x000000000000e6ae      0x88e ./Users/Src/pid.o
 .debug_info    0x000000000000ef3c      0x99f ./Users/Src/tim.o
 .debug_info    0x000000000000f8db      0x880 ./Users/Src/usart.o

.debug_abbrev   0x0000000000000000     0x26f5
 .debug_abbrev  0x0000000000000000      0x2b3 ./Core/Src/main.o
 .debug_abbrev  0x00000000000002b3      0x247 ./Core/Src/stm32f4xx_hal_msp.o
 .debug_abbrev  0x00000000000004fa      0x19c ./Core/Src/stm32f4xx_it.o
 .debug_abbrev  0x0000000000000696      0x116 ./Core/Src/system_stm32f4xx.o
 .debug_abbrev  0x00000000000007ac       0x12 ./Core/Startup/startup_stm32f411vetx.o
 .debug_abbrev  0x00000000000007be      0x23e ./Drivers/STM32F4xx_HAL_Driver/Src/stm32f4xx_hal.o
 .debug_abbrev  0x00000000000009fc      0x316 ./Drivers/STM32F4xx_HAL_Driver/Src/stm32f4xx_hal_cortex.o
 .debug_abbrev  0x0000000000000d12      0x21b ./Drivers/STM32F4xx_HAL_Driver/Src/stm32f4xx_hal_dma.o
 .debug_abbrev  0x0000000000000f2d      0x1c4 ./Drivers/STM32F4xx_HAL_Driver/Src/stm32f4xx_hal_gpio.o
 .debug_abbrev  0x00000000000010f1      0x2aa ./Drivers/STM32F4xx_HAL_Driver/Src/stm32f4xx_hal_rcc.o
 .debug_abbrev  0x000000000000139b      0x26e ./Drivers/STM32F4xx_HAL_Driver/Src/stm32f4xx_hal_tim.o
 .debug_abbrev  0x0000000000001609      0x276 ./Drivers/STM32F4xx_HAL_Driver/Src/stm32f4xx_hal_tim_ex.o
 .debug_abbrev  0x000000000000187f      0x305 ./Drivers/STM32F4xx_HAL_Driver/Src/stm32f4xx_hal_uart.o
 .debug_abbrev  0x0000000000001b84      0x15b ./Users/Src/clock.o
 .debug_abbrev  0x0000000000001cdf      0x180 ./Users/Src/gpio.o
 .debug_abbrev  0x0000000000001e5f      0x262 ./Users/Src/motor.o
 .debug_abbrev  0x00000000000020c1      0x229 ./Users/Src/pid.o
 .debug_abbrev  0x00000000000022ea      0x1bf ./Users/Src/tim.o
 .debug_abbrev  0x00000000000024a9      0x24c ./Users/Src/usart.o

.debug_aranges  0x0000000000000000      0xd68
 .debug_aranges
                0x0000000000000000       0x48 ./Core/Src/main.o
 .debug_aranges
                0x0000000000000048       0x58 ./Core/Src/stm32f4xx_hal_msp.o
 .debug_aranges
                0x00000000000000a0       0x78 ./Core/Src/stm32f4xx_it.o
 .debug_aranges
                0x0000000000000118       0x28 ./Core/Src/system_stm32f4xx.o
 .debug_aranges
                0x0000000000000140       0x28 ./Core/Startup/startup_stm32f411vetx.o
 .debug_aranges
                0x0000000000000168       0xf0 ./Drivers/STM32F4xx_HAL_Driver/Src/stm32f4xx_hal.o
 .debug_aranges
                0x0000000000000258      0x118 ./Drivers/STM32F4xx_HAL_Driver/Src/stm32f4xx_hal_cortex.o
 .debug_aranges
                0x0000000000000370       0x90 ./Drivers/STM32F4xx_HAL_Driver/Src/stm32f4xx_hal_dma.o
 .debug_aranges
                0x0000000000000400       0x58 ./Drivers/STM32F4xx_HAL_Driver/Src/stm32f4xx_hal_gpio.o
 .debug_aranges
                0x0000000000000458       0x88 ./Drivers/STM32F4xx_HAL_Driver/Src/stm32f4xx_hal_rcc.o
 .debug_aranges
                0x00000000000004e0      0x3d0 ./Drivers/STM32F4xx_HAL_Driver/Src/stm32f4xx_hal_tim.o
 .debug_aranges
                0x00000000000008b0      0x168 ./Drivers/STM32F4xx_HAL_Driver/Src/stm32f4xx_hal_tim_ex.o
 .debug_aranges
                0x0000000000000a18      0x200 ./Drivers/STM32F4xx_HAL_Driver/Src/stm32f4xx_hal_uart.o
 .debug_aranges
                0x0000000000000c18       0x20 ./Users/Src/clock.o
 .debug_aranges
                0x0000000000000c38       0x28 ./Users/Src/gpio.o
 .debug_aranges
                0x0000000000000c60       0x50 ./Users/Src/motor.o
 .debug_aranges
                0x0000000000000cb0       0x38 ./Users/Src/pid.o
 .debug_aranges
                0x0000000000000ce8       0x30 ./Users/Src/tim.o
 .debug_aranges
                0x0000000000000d18       0x50 ./Users/Src/usart.o

.debug_ranges   0x0000000000000000      0xc70
 .debug_ranges  0x0000000000000000       0x38 ./Core/Src/main.o
 .debug_ranges  0x0000000000000038       0x48 ./Core/Src/stm32f4xx_hal_msp.o
 .debug_ranges  0x0000000000000080       0x68 ./Core/Src/stm32f4xx_it.o
 .debug_ranges  0x00000000000000e8       0x18 ./Core/Src/system_stm32f4xx.o
 .debug_ranges  0x0000000000000100       0x20 ./Core/Startup/startup_stm32f411vetx.o
 .debug_ranges  0x0000000000000120       0xe0 ./Drivers/STM32F4xx_HAL_Driver/Src/stm32f4xx_hal.o
 .debug_ranges  0x0000000000000200      0x108 ./Drivers/STM32F4xx_HAL_Driver/Src/stm32f4xx_hal_cortex.o
 .debug_ranges  0x0000000000000308       0x80 ./Drivers/STM32F4xx_HAL_Driver/Src/stm32f4xx_hal_dma.o
 .debug_ranges  0x0000000000000388       0x48 ./Drivers/STM32F4xx_HAL_Driver/Src/stm32f4xx_hal_gpio.o
 .debug_ranges  0x00000000000003d0       0x78 ./Drivers/STM32F4xx_HAL_Driver/Src/stm32f4xx_hal_rcc.o
 .debug_ranges  0x0000000000000448      0x3c0 ./Drivers/STM32F4xx_HAL_Driver/Src/stm32f4xx_hal_tim.o
 .debug_ranges  0x0000000000000808      0x158 ./Drivers/STM32F4xx_HAL_Driver/Src/stm32f4xx_hal_tim_ex.o
 .debug_ranges  0x0000000000000960      0x220 ./Drivers/STM32F4xx_HAL_Driver/Src/stm32f4xx_hal_uart.o
 .debug_ranges  0x0000000000000b80       0x10 ./Users/Src/clock.o
 .debug_ranges  0x0000000000000b90       0x18 ./Users/Src/gpio.o
 .debug_ranges  0x0000000000000ba8       0x40 ./Users/Src/motor.o
 .debug_ranges  0x0000000000000be8       0x28 ./Users/Src/pid.o
 .debug_ranges  0x0000000000000c10       0x20 ./Users/Src/tim.o
 .debug_ranges  0x0000000000000c30       0x40 ./Users/Src/usart.o

.debug_macro    0x0000000000000000    0x1704a
 .debug_macro   0x0000000000000000      0x342 ./Core/Src/main.o
 .debug_macro   0x0000000000000342      0xa78 ./Core/Src/main.o
 .debug_macro   0x0000000000000dba      0x29b ./Core/Src/main.o
 .debug_macro   0x0000000000001055       0x2e ./Core/Src/main.o
 .debug_macro   0x0000000000001083       0x28 ./Core/Src/main.o
 .debug_macro   0x00000000000010ab       0x22 ./Core/Src/main.o
 .debug_macro   0x00000000000010cd       0x8e ./Core/Src/main.o
 .debug_macro   0x000000000000115b       0x51 ./Core/Src/main.o
 .debug_macro   0x00000000000011ac      0x103 ./Core/Src/main.o
 .debug_macro   0x00000000000012af       0x6a ./Core/Src/main.o
 .debug_macro   0x0000000000001319      0x1df ./Core/Src/main.o
 .debug_macro   0x00000000000014f8       0x1c ./Core/Src/main.o
 .debug_macro   0x0000000000001514       0x22 ./Core/Src/main.o
 .debug_macro   0x0000000000001536       0xd9 ./Core/Src/main.o
 .debug_macro   0x000000000000160f     0x102d ./Core/Src/main.o
 .debug_macro   0x000000000000263c      0x11f ./Core/Src/main.o
 .debug_macro   0x000000000000275b     0xb953 ./Core/Src/main.o
 .debug_macro   0x000000000000e0ae       0x6d ./Core/Src/main.o
 .debug_macro   0x000000000000e11b     0x367e ./Core/Src/main.o
 .debug_macro   0x0000000000011799      0x174 ./Core/Src/main.o
 .debug_macro   0x000000000001190d       0x5c ./Core/Src/main.o
 .debug_macro   0x0000000000011969      0x447 ./Core/Src/main.o
 .debug_macro   0x0000000000011db0      0x9fe ./Core/Src/main.o
 .debug_macro   0x00000000000127ae      0x115 ./Core/Src/main.o
 .debug_macro   0x00000000000128c3      0x11b ./Core/Src/main.o
 .debug_macro   0x00000000000129de       0xa5 ./Core/Src/main.o
 .debug_macro   0x0000000000012a83      0x15f ./Core/Src/main.o
 .debug_macro   0x0000000000012be2      0x287 ./Core/Src/main.o
 .debug_macro   0x0000000000012e69       0x5f ./Core/Src/main.o
 .debug_macro   0x0000000000012ec8      0x236 ./Core/Src/main.o
 .debug_macro   0x00000000000130fe      0x132 ./Core/Src/main.o
 .debug_macro   0x0000000000013230      0x264 ./Core/Src/main.o
 .debug_macro   0x0000000000013494       0x2e ./Core/Src/main.o
 .debug_macro   0x00000000000134c2      0x11a ./Core/Src/main.o
 .debug_macro   0x00000000000135dc       0x85 ./Core/Src/main.o
 .debug_macro   0x0000000000013661       0x89 ./Core/Src/main.o
 .debug_macro   0x00000000000136ea      0x8e6 ./Core/Src/main.o
 .debug_macro   0x0000000000013fd0       0x47 ./Core/Src/main.o
 .debug_macro   0x0000000000014017      0x295 ./Core/Src/main.o
 .debug_macro   0x00000000000142ac      0x126 ./Core/Src/main.o
 .debug_macro   0x00000000000143d2       0x1e ./Core/Src/main.o
 .debug_macro   0x00000000000143f0       0x52 ./Core/Src/main.o
 .debug_macro   0x0000000000014442       0x3c ./Core/Src/main.o
 .debug_macro   0x000000000001447e       0x34 ./Core/Src/main.o
 .debug_macro   0x00000000000144b2       0x16 ./Core/Src/main.o
 .debug_macro   0x00000000000144c8       0x35 ./Core/Src/main.o
 .debug_macro   0x00000000000144fd       0x16 ./Core/Src/main.o
 .debug_macro   0x0000000000014513       0x43 ./Core/Src/main.o
 .debug_macro   0x0000000000014556       0x34 ./Core/Src/main.o
 .debug_macro   0x000000000001458a       0x10 ./Core/Src/main.o
 .debug_macro   0x000000000001459a       0x58 ./Core/Src/main.o
 .debug_macro   0x00000000000145f2       0x71 ./Core/Src/main.o
 .debug_macro   0x0000000000014663       0x1c ./Core/Src/main.o
 .debug_macro   0x000000000001467f      0x12a ./Core/Src/main.o
 .debug_macro   0x00000000000147a9      0x341 ./Core/Src/main.o
 .debug_macro   0x0000000000014aea       0x16 ./Core/Src/main.o
 .debug_macro   0x0000000000014b00       0x29 ./Core/Src/main.o
 .debug_macro   0x0000000000014b29       0x22 ./Core/Src/main.o
 .debug_macro   0x0000000000014b4b      0x19b ./Core/Src/main.o
 .debug_macro   0x0000000000014ce6       0x16 ./Core/Src/main.o
 .debug_macro   0x0000000000014cfc       0x20 ./Core/Src/main.o
 .debug_macro   0x0000000000014d1c      0x1d8 ./Core/Src/stm32f4xx_hal_msp.o
 .debug_macro   0x0000000000014ef4      0x1e2 ./Core/Src/stm32f4xx_it.o
 .debug_macro   0x00000000000150d6      0x1ce ./Core/Src/system_stm32f4xx.o
 .debug_macro   0x00000000000152a4      0x22e ./Drivers/STM32F4xx_HAL_Driver/Src/stm32f4xx_hal.o
 .debug_macro   0x00000000000154d2      0x1ce ./Drivers/STM32F4xx_HAL_Driver/Src/stm32f4xx_hal_cortex.o
 .debug_macro   0x00000000000156a0      0x1d4 ./Drivers/STM32F4xx_HAL_Driver/Src/stm32f4xx_hal_dma.o
 .debug_macro   0x0000000000015874      0x1d4 ./Drivers/STM32F4xx_HAL_Driver/Src/stm32f4xx_hal_gpio.o
 .debug_macro   0x0000000000015a48      0x1f2 ./Drivers/STM32F4xx_HAL_Driver/Src/stm32f4xx_hal_rcc.o
 .debug_macro   0x0000000000015c3a      0x1cf ./Drivers/STM32F4xx_HAL_Driver/Src/stm32f4xx_hal_tim.o
 .debug_macro   0x0000000000015e09      0x1ce ./Drivers/STM32F4xx_HAL_Driver/Src/stm32f4xx_hal_tim_ex.o
 .debug_macro   0x0000000000015fd7      0x1cf ./Drivers/STM32F4xx_HAL_Driver/Src/stm32f4xx_hal_uart.o
 .debug_macro   0x00000000000161a6      0x1e2 ./Users/Src/clock.o
 .debug_macro   0x0000000000016388      0x1e2 ./Users/Src/gpio.o
 .debug_macro   0x000000000001656a      0x2e5 ./Users/Src/motor.o
 .debug_macro   0x000000000001684f      0x1ec ./Users/Src/pid.o
 .debug_macro   0x0000000000016a3b      0x1e2 ./Users/Src/tim.o
 .debug_macro   0x0000000000016c1d      0x3c7 ./Users/Src/usart.o
 .debug_macro   0x0000000000016fe4       0x10 ./Users/Src/usart.o
 .debug_macro   0x0000000000016ff4       0x56 ./Users/Src/usart.o

.debug_line     0x0000000000000000    0x10ca1
 .debug_line    0x0000000000000000      0xb01 ./Core/Src/main.o
 .debug_line    0x0000000000000b01      0x84b ./Core/Src/stm32f4xx_hal_msp.o
 .debug_line    0x000000000000134c      0x7f6 ./Core/Src/stm32f4xx_it.o
 .debug_line    0x0000000000001b42      0x76d ./Core/Src/system_stm32f4xx.o
 .debug_line    0x00000000000022af       0x88 ./Core/Startup/startup_stm32f411vetx.o
 .debug_line    0x0000000000002337      0x9d3 ./Drivers/STM32F4xx_HAL_Driver/Src/stm32f4xx_hal.o
 .debug_line    0x0000000000002d0a      0xc82 ./Drivers/STM32F4xx_HAL_Driver/Src/stm32f4xx_hal_cortex.o
 .debug_line    0x000000000000398c      0xf37 ./Drivers/STM32F4xx_HAL_Driver/Src/stm32f4xx_hal_dma.o
 .debug_line    0x00000000000048c3      0xb0b ./Drivers/STM32F4xx_HAL_Driver/Src/stm32f4xx_hal_gpio.o
 .debug_line    0x00000000000053ce      0xd4f ./Drivers/STM32F4xx_HAL_Driver/Src/stm32f4xx_hal_rcc.o
 .debug_line    0x000000000000611d     0x34a1 ./Drivers/STM32F4xx_HAL_Driver/Src/stm32f4xx_hal_tim.o
 .debug_line    0x00000000000095be     0x196b ./Drivers/STM32F4xx_HAL_Driver/Src/stm32f4xx_hal_tim_ex.o
 .debug_line    0x000000000000af29     0x2a78 ./Drivers/STM32F4xx_HAL_Driver/Src/stm32f4xx_hal_uart.o
 .debug_line    0x000000000000d9a1      0x757 ./Users/Src/clock.o
 .debug_line    0x000000000000e0f8      0x748 ./Users/Src/gpio.o
 .debug_line    0x000000000000e840      0x9a2 ./Users/Src/motor.o
 .debug_line    0x000000000000f1e2      0x7db ./Users/Src/pid.o
 .debug_line    0x000000000000f9bd      0x826 ./Users/Src/tim.o
 .debug_line    0x00000000000101e3      0xabe ./Users/Src/usart.o

.debug_str      0x0000000000000000    0x8ea63
 .debug_str     0x0000000000000000    0x8a67a ./Core/Src/main.o
                                      0x8a9ee (size before relaxing)
 .debug_str     0x000000000008a67a      0x663 ./Core/Src/stm32f4xx_hal_msp.o
                                      0x8763f (size before relaxing)
 .debug_str     0x000000000008acdd      0x13d ./Core/Src/stm32f4xx_it.o
                                      0x870cc (size before relaxing)
 .debug_str     0x000000000008ae1a       0xdb ./Core/Src/system_stm32f4xx.o
                                      0x86a48 (size before relaxing)
 .debug_str     0x000000000008aef5       0x36 ./Core/Startup/startup_stm32f411vetx.o
                                         0x66 (size before relaxing)
 .debug_str     0x000000000008af2b      0x617 ./Drivers/STM32F4xx_HAL_Driver/Src/stm32f4xx_hal.o
                                      0x87474 (size before relaxing)
 .debug_str     0x000000000008b542      0x32d ./Drivers/STM32F4xx_HAL_Driver/Src/stm32f4xx_hal_cortex.o
                                      0x87195 (size before relaxing)
 .debug_str     0x000000000008b86f      0x2f4 ./Drivers/STM32F4xx_HAL_Driver/Src/stm32f4xx_hal_dma.o
                                      0x86e50 (size before relaxing)
 .debug_str     0x000000000008bb63      0x158 ./Drivers/STM32F4xx_HAL_Driver/Src/stm32f4xx_hal_gpio.o
                                      0x86bc3 (size before relaxing)
 .debug_str     0x000000000008bcbb      0x36e ./Drivers/STM32F4xx_HAL_Driver/Src/stm32f4xx_hal_rcc.o
                                      0x86e7c (size before relaxing)
 .debug_str     0x000000000008c029      0xe00 ./Drivers/STM32F4xx_HAL_Driver/Src/stm32f4xx_hal_tim.o
                                      0x87db0 (size before relaxing)
 .debug_str     0x000000000008ce29      0x503 ./Drivers/STM32F4xx_HAL_Driver/Src/stm32f4xx_hal_tim_ex.o
                                      0x875cc (size before relaxing)
 .debug_str     0x000000000008d32c      0x5e1 ./Drivers/STM32F4xx_HAL_Driver/Src/stm32f4xx_hal_uart.o
                                      0x87409 (size before relaxing)
 .debug_str     0x000000000008d90d       0x15 ./Users/Src/clock.o
                                      0x86b3a (size before relaxing)
 .debug_str     0x000000000008d922       0x14 ./Users/Src/gpio.o
                                      0x86e39 (size before relaxing)
 .debug_str     0x000000000008d936       0xa1 ./Users/Src/motor.o
                                      0x89e87 (size before relaxing)
 .debug_str     0x000000000008d9d7       0x55 ./Users/Src/pid.o
                                      0x86e6e (size before relaxing)
 .debug_str     0x000000000008da2c       0x1d ./Users/Src/tim.o
                                      0x87056 (size before relaxing)
 .debug_str     0x000000000008da49     0x101a ./Users/Src/usart.o
                                      0x8b556 (size before relaxing)

.comment        0x0000000000000000       0x50
 .comment       0x0000000000000000       0x50 ./Core/Src/main.o
                                         0x51 (size before relaxing)
 .comment       0x0000000000000050       0x51 ./Core/Src/stm32f4xx_hal_msp.o
 .comment       0x0000000000000050       0x51 ./Core/Src/stm32f4xx_it.o
 .comment       0x0000000000000050       0x51 ./Core/Src/system_stm32f4xx.o
 .comment       0x0000000000000050       0x51 ./Drivers/STM32F4xx_HAL_Driver/Src/stm32f4xx_hal.o
 .comment       0x0000000000000050       0x51 ./Drivers/STM32F4xx_HAL_Driver/Src/stm32f4xx_hal_cortex.o
 .comment       0x0000000000000050       0x51 ./Drivers/STM32F4xx_HAL_Driver/Src/stm32f4xx_hal_dma.o
 .comment       0x0000000000000050       0x51 ./Drivers/STM32F4xx_HAL_Driver/Src/stm32f4xx_hal_gpio.o
 .comment       0x0000000000000050       0x51 ./Drivers/STM32F4xx_HAL_Driver/Src/stm32f4xx_hal_rcc.o
 .comment       0x0000000000000050       0x51 ./Drivers/STM32F4xx_HAL_Driver/Src/stm32f4xx_hal_tim.o
 .comment       0x0000000000000050       0x51 ./Drivers/STM32F4xx_HAL_Driver/Src/stm32f4xx_hal_tim_ex.o
 .comment       0x0000000000000050       0x51 ./Drivers/STM32F4xx_HAL_Driver/Src/stm32f4xx_hal_uart.o
 .comment       0x0000000000000050       0x51 ./Users/Src/clock.o
 .comment       0x0000000000000050       0x51 ./Users/Src/gpio.o
 .comment       0x0000000000000050       0x51 ./Users/Src/motor.o
 .comment       0x0000000000000050       0x51 ./Users/Src/pid.o
 .comment       0x0000000000000050       0x51 ./Users/Src/tim.o
 .comment       0x0000000000000050       0x51 ./Users/Src/usart.o

.debug_frame    0x0000000000000000     0x3820
 .debug_frame   0x0000000000000000       0xe0 ./Core/Src/main.o
 .debug_frame   0x00000000000000e0      0x134 ./Core/Src/stm32f4xx_hal_msp.o
 .debug_frame   0x0000000000000214      0x158 ./Core/Src/stm32f4xx_it.o
 .debug_frame   0x000000000000036c       0x58 ./Core/Src/system_stm32f4xx.o
 .debug_frame   0x00000000000003c4      0x374 ./Drivers/STM32F4xx_HAL_Driver/Src/stm32f4xx_hal.o
 .debug_frame   0x0000000000000738      0x498 ./Drivers/STM32F4xx_HAL_Driver/Src/stm32f4xx_hal_cortex.o
 .debug_frame   0x0000000000000bd0      0x250 ./Drivers/STM32F4xx_HAL_Driver/Src/stm32f4xx_hal_dma.o
 .debug_frame   0x0000000000000e20      0x14c ./Drivers/STM32F4xx_HAL_Driver/Src/stm32f4xx_hal_gpio.o
 .debug_frame   0x0000000000000f6c      0x1f4 ./Drivers/STM32F4xx_HAL_Driver/Src/stm32f4xx_hal_rcc.o
 .debug_frame   0x0000000000001160     0x11bc ./Drivers/STM32F4xx_HAL_Driver/Src/stm32f4xx_hal_tim.o
 .debug_frame   0x000000000000231c      0x638 ./Drivers/STM32F4xx_HAL_Driver/Src/stm32f4xx_hal_tim_ex.o
 .debug_frame   0x0000000000002954      0x92c ./Drivers/STM32F4xx_HAL_Driver/Src/stm32f4xx_hal_uart.o
 .debug_frame   0x0000000000003280       0x34 ./Users/Src/clock.o
 .debug_frame   0x00000000000032b4       0x58 ./Users/Src/gpio.o
 .debug_frame   0x000000000000330c      0x114 ./Users/Src/motor.o
 .debug_frame   0x0000000000003420       0xac ./Users/Src/pid.o
 .debug_frame   0x00000000000034cc       0x7c ./Users/Src/tim.o
 .debug_frame   0x0000000000003548      0x10c ./Users/Src/usart.o
 .debug_frame   0x0000000000003654       0x2c d:/applications/stm32cubeide_1.11.2/stm32cubeide/plugins/com.st.stm32cube.ide.mcu.externaltools.gnu-tools-for-stm32.10.3-2021.10.win32_1.0.100.202210260954/tools/bin/../lib/gcc/arm-none-eabi/10.3.1/../../../../arm-none-eabi/lib/thumb/v7e-m+fp/hard\libc_nano.a(lib_a-init.o)
 .debug_frame   0x0000000000003680       0x20 d:/applications/stm32cubeide_1.11.2/stm32cubeide/plugins/com.st.stm32cube.ide.mcu.externaltools.gnu-tools-for-stm32.10.3-2021.10.win32_1.0.100.202210260954/tools/bin/../lib/gcc/arm-none-eabi/10.3.1/../../../../arm-none-eabi/lib/thumb/v7e-m+fp/hard\libc_nano.a(lib_a-memset.o)
 .debug_frame   0x00000000000036a0       0xac d:/applications/stm32cubeide_1.11.2/stm32cubeide/plugins/com.st.stm32cube.ide.mcu.externaltools.gnu-tools-for-stm32.10.3-2021.10.win32_1.0.100.202210260954/tools/bin/../lib/gcc/arm-none-eabi/10.3.1/thumb/v7e-m+fp/hard\libgcc.a(_arm_addsubdf3.o)
 .debug_frame   0x000000000000374c       0x50 d:/applications/stm32cubeide_1.11.2/stm32cubeide/plugins/com.st.stm32cube.ide.mcu.externaltools.gnu-tools-for-stm32.10.3-2021.10.win32_1.0.100.202210260954/tools/bin/../lib/gcc/arm-none-eabi/10.3.1/thumb/v7e-m+fp/hard\libgcc.a(_arm_muldivdf3.o)
 .debug_frame   0x000000000000379c       0x24 d:/applications/stm32cubeide_1.11.2/stm32cubeide/plugins/com.st.stm32cube.ide.mcu.externaltools.gnu-tools-for-stm32.10.3-2021.10.win32_1.0.100.202210260954/tools/bin/../lib/gcc/arm-none-eabi/10.3.1/thumb/v7e-m+fp/hard\libgcc.a(_arm_truncdfsf2.o)
 .debug_frame   0x00000000000037c0       0x2c d:/applications/stm32cubeide_1.11.2/stm32cubeide/plugins/com.st.stm32cube.ide.mcu.externaltools.gnu-tools-for-stm32.10.3-2021.10.win32_1.0.100.202210260954/tools/bin/../lib/gcc/arm-none-eabi/10.3.1/thumb/v7e-m+fp/hard\libgcc.a(_aeabi_uldivmod.o)
 .debug_frame   0x00000000000037ec       0x34 d:/applications/stm32cubeide_1.11.2/stm32cubeide/plugins/com.st.stm32cube.ide.mcu.externaltools.gnu-tools-for-stm32.10.3-2021.10.win32_1.0.100.202210260954/tools/bin/../lib/gcc/arm-none-eabi/10.3.1/thumb/v7e-m+fp/hard\libgcc.a(_udivmoddi4.o)
