../Core/Src/main.c:61:6:CAN_FILTER_SETUP	48	static
../Core/Src/main.c:97:6:HAL_GPIO_EXTI_Callback	16	static
../Core/Src/main.c:110:6:HAL_CAN_RxFifo0MsgPendingCallback	16	static
../Core/Src/main.c:130:5:main	8	static
../Core/Src/main.c:197:6:SystemClock_Config	72	static
../Core/Src/main.c:237:13:MX_CAN_Init	8	static
../Core/Src/main.c:274:13:MX_USART2_UART_Init	8	static
../Core/Src/main.c:305:13:MX_DMA_Init	16	static
../Core/Src/main.c:326:13:MX_GPIO_Init	40	static
../Core/Src/main.c:355:6:Error_Handler	4	static,ignoring_inline_asm
